Archive member included because of file (symbol)

c:/dave-3.1.10/arm-gcc/bin/../lib/gcc/arm-none-eabi/4.7.4/armv6-m\libgcc.a(_thumb1_case_uqi.o)
                              Dave/Generated/src/FEE001/FEE001.o (__gnu_thumb1_case_uqi)
c:/dave-3.1.10/arm-gcc/bin/../lib/gcc/arm-none-eabi/4.7.4/armv6-m\libgcc.a(_udivsi3.o)
                              Startup/system_XMC1200.o (__aeabi_uidiv)
c:/dave-3.1.10/arm-gcc/bin/../lib/gcc/arm-none-eabi/4.7.4/armv6-m\libgcc.a(_dvmd_tls.o)
                              c:/dave-3.1.10/arm-gcc/bin/../lib/gcc/arm-none-eabi/4.7.4/armv6-m\libgcc.a(_udivsi3.o) (__aeabi_idiv0)
c:/dave-3.1.10/arm-gcc/bin/../lib/gcc/arm-none-eabi/4.7.4/armv6-m\libgcc.a(_arm_cmpsf2.o)
                              Dave/Generated/src/PWMSP003/PWMSP003.o (__aeabi_fcmplt)
c:/dave-3.1.10/arm-gcc/bin/../lib/gcc/arm-none-eabi/4.7.4/armv6-m\libgcc.a(_fixunssfsi.o)
                              Dave/Generated/src/PWMSP003/PWMSP003.o (__aeabi_f2uiz)
c:/dave-3.1.10/arm-gcc/bin/../lib/gcc/arm-none-eabi/4.7.4/armv6-m\libgcc.a(addsf3.o)
                              Dave/Generated/src/I2C003/I2C003.o (__aeabi_fadd)
c:/dave-3.1.10/arm-gcc/bin/../lib/gcc/arm-none-eabi/4.7.4/armv6-m\libgcc.a(divsf3.o)
                              Dave/Generated/src/PWMSP003/PWMSP003.o (__aeabi_fdiv)
c:/dave-3.1.10/arm-gcc/bin/../lib/gcc/arm-none-eabi/4.7.4/armv6-m\libgcc.a(eqsf2.o)
                              c:/dave-3.1.10/arm-gcc/bin/../lib/gcc/arm-none-eabi/4.7.4/armv6-m\libgcc.a(_arm_cmpsf2.o) (__eqsf2)
c:/dave-3.1.10/arm-gcc/bin/../lib/gcc/arm-none-eabi/4.7.4/armv6-m\libgcc.a(gesf2.o)
                              c:/dave-3.1.10/arm-gcc/bin/../lib/gcc/arm-none-eabi/4.7.4/armv6-m\libgcc.a(_arm_cmpsf2.o) (__gesf2)
c:/dave-3.1.10/arm-gcc/bin/../lib/gcc/arm-none-eabi/4.7.4/armv6-m\libgcc.a(lesf2.o)
                              c:/dave-3.1.10/arm-gcc/bin/../lib/gcc/arm-none-eabi/4.7.4/armv6-m\libgcc.a(_arm_cmpsf2.o) (__lesf2)
c:/dave-3.1.10/arm-gcc/bin/../lib/gcc/arm-none-eabi/4.7.4/armv6-m\libgcc.a(mulsf3.o)
                              Dave/Generated/src/PWMSP003/PWMSP003.o (__aeabi_fmul)
c:/dave-3.1.10/arm-gcc/bin/../lib/gcc/arm-none-eabi/4.7.4/armv6-m\libgcc.a(subsf3.o)
                              Dave/Generated/src/PWMSP003/PWMSP003.o (__aeabi_fsub)
c:/dave-3.1.10/arm-gcc/bin/../lib/gcc/arm-none-eabi/4.7.4/armv6-m\libgcc.a(fixsfsi.o)
                              c:/dave-3.1.10/arm-gcc/bin/../lib/gcc/arm-none-eabi/4.7.4/armv6-m\libgcc.a(_fixunssfsi.o) (__aeabi_f2iz)
c:/dave-3.1.10/arm-gcc/bin/../lib/gcc/arm-none-eabi/4.7.4/armv6-m\libgcc.a(floatunsisf.o)
                              Dave/Generated/src/PWMSP003/PWMSP003.o (__aeabi_ui2f)
c:/dave-3.1.10/arm-gcc/bin/../lib/gcc/arm-none-eabi/4.7.4/armv6-m\libgcc.a(_clzsi2.o)
                              c:/dave-3.1.10/arm-gcc/bin/../lib/gcc/arm-none-eabi/4.7.4/armv6-m\libgcc.a(addsf3.o) (__clzsi2)

Allocating common symbols
Common symbol       size              file

Lamphandle          0x1c              Main.o
flashBuffer         0x3c              Main.o
data1               0x2               Main.o
data2               0x2               Main.o
ReadBuffer          0xf               Main.o
data4               0x2               Main.o
SystemCoreClock     0x4               Startup/system_XMC1200.o
DMX512RD01_buffer   0x18              Dave/Generated/src/DMX512RD01/DMX512RD01.o
FEE001_StateVar     0x164             Dave/Generated/src/FEE001/FEE001_Conf.o
data3               0x2               Main.o
data5               0x2               Main.o

Discarded input sections

 .data          0x00000000        0x0 Startup/startup_XMC1200.o
 .bss           0x00000000        0x0 Startup/startup_XMC1200.o
 .ARM.extab.Xmc1200.reset
                0x00000000        0x0 Startup/startup_XMC1200.o
 .ARM.extab.Xmc1200.postreset
                0x00000000        0x0 Startup/startup_XMC1200.o
 .group         0x00000000        0x8 Startup/system_XMC1200.o
 .group         0x00000000        0x8 Startup/system_XMC1200.o
 .group         0x00000000        0x8 Startup/system_XMC1200.o
 .group         0x00000000        0x8 Startup/system_XMC1200.o
 .group         0x00000000        0x8 Startup/system_XMC1200.o
 .group         0x00000000        0x8 Startup/system_XMC1200.o
 .group         0x00000000        0x8 Startup/system_XMC1200.o
 .group         0x00000000        0x8 Startup/system_XMC1200.o
 .group         0x00000000        0x8 Startup/system_XMC1200.o
 .group         0x00000000        0x8 Startup/system_XMC1200.o
 .group         0x00000000        0x8 Startup/system_XMC1200.o
 .group         0x00000000        0x8 Startup/system_XMC1200.o
 .text          0x00000000        0x0 Startup/system_XMC1200.o
 .data          0x00000000        0x0 Startup/system_XMC1200.o
 .bss           0x00000000        0x0 Startup/system_XMC1200.o
 .comment       0x00000000       0x71 Startup/system_XMC1200.o
 .group         0x00000000        0x8 Main.o
 .group         0x00000000        0x8 Main.o
[...]
Memory Configuration

Name             Origin             Length             Attributes
FLASH            0x10001000         0x00032000         xr
SRAM             0x20000000         0x00004000         !xr
*default*        0x00000000         0xffffffff

Linker script and memory map

LOAD Startup/startup_XMC1200.o
LOAD Startup/system_XMC1200.o
LOAD Main.o
LOAD Lib/System_LibcStubs.o
LOAD Dave/Generated/src/PWMSP003/PWMSP003.o
LOAD Dave/Generated/src/PWMSP003/PWMSP003_Conf.o
LOAD Dave/Generated/src/NVIC002/NVIC002.o
LOAD Dave/Generated/src/NVIC002/NVIC002_Conf.o
LOAD Dave/Generated/src/IO004/IO004.o
LOAD Dave/Generated/src/IO004/IO004_Conf.o
LOAD Dave/Generated/src/IO002/IO002.o
LOAD Dave/Generated/src/IO002/IO002_Conf.o
LOAD Dave/Generated/src/IO001/IO001.o
LOAD Dave/Generated/src/IO001/IO001_Conf.o
LOAD Dave/Generated/src/I2C003/I2C003.o
LOAD Dave/Generated/src/I2C003/I2C003_Conf.o
LOAD Dave/Generated/src/FLASH003/FLASH003.o
LOAD Dave/Generated/src/FLASH003/FLASH003_Conf.o
LOAD Dave/Generated/src/FEE001/FEE001.o
LOAD Dave/Generated/src/FEE001/FEE001_Conf.o
LOAD Dave/Generated/src/DMX512RD01/DMX512RD01.o
LOAD Dave/Generated/src/DMX512RD01/DMX512RD01_Conf.o
LOAD Dave/Generated/src/DAVESupport/DAVE3.o
LOAD Dave/Generated/src/DAVESupport/MULTIPLEXER.o
LOAD Dave/Generated/src/COLORLAMP01/COLORLAMP01.o
LOAD Dave/Generated/src/COLORLAMP01/COLORLAMP01_Conf.o
LOAD Dave/Generated/src/CLK002/CLK002.o
LOAD Dave/Generated/src/CCU4GLOBAL/CCU4GLOBAL.o
LOAD Dave/Generated/src/CCU4GLOBAL/CCU4GLOBAL_Conf.o
LOAD Dave/Generated/src/BCCUGLOBAL/BCCUGLOBAL.o
LOAD Dave/Generated/src/BCCUGLOBAL/BCCUGLOBAL_Conf.o
LOAD Dave/Generated/src/BCCUDIM01/BCCUDIM01.o
LOAD Dave/Generated/src/BCCUDIM01/BCCUDIM01_Conf.o
LOAD Dave/Generated/src/BCCUCH01/BCCUCH01.o
LOAD Dave/Generated/src/BCCUCH01/BCCUCH01_Conf.o
LOAD Dave/Generated/src/ANACMPGLOB01/ANACMPGLOB01.o
LOAD Dave/Generated/src/ANACMPGLOB01/ANACMPGLOB01_Conf.o
LOAD Dave/Generated/src/ANACMP01/ANACMP01.o
LOAD Dave/Generated/src/ANACMP01/ANACMP01_Conf.o
START GROUP
LOAD c:/dave-3.1.10/arm-gcc/bin/../lib/gcc/arm-none-eabi/4.7.4/armv6-m\libgcc.a
LOAD c:/dave-3.1.10/arm-gcc/bin/../lib/gcc/arm-none-eabi/4.7.4/../../../../arm-none-eabi/lib/armv6-m\libg.a
LOAD c:/dave-3.1.10/arm-gcc/bin/../lib/gcc/arm-none-eabi/4.7.4/../../../../arm-none-eabi/lib/armv6-m\libc.a
END GROUP
                0x00000800                stack_size = 0x800

.text           0x10001000     0x1a90
                0x10001000                sText = .
 *(.Xmc1200.reset)
 .Xmc1200.reset
                0x10001000       0x2c Startup/startup_XMC1200.o
                0x10001000                __Xmc1200_interrupt_vector_cortex_m
                0x10001018                __Xmc1200_reset_cortex_m
 *(.Xmc1200.postreset)
 .Xmc1200.postreset
                0x1000102c       0x8c Startup/startup_XMC1200.o
 *(.XmcStartup)
 .XmcStartup    0x100010b8        0x8 Startup/startup_XMC1200.o
                0x100010b8                software_init_hook
                0x100010bc                hardware_init_hook
 *(.text .text.* .gnu.linkonce.t.*)
 .text          0x100010c0       0x3e Startup/startup_XMC1200.o
                0x100010c0                NMI_Handler
                0x100010c2                HardFault_Handler
                0x100010c4                SVC_Handler
                0x100010c6                PendSV_Handler
                0x100010c8                SysTick_Handler
                0x100010ca                SCU_0_IRQHandler
                0x100010cc                SCU_1_IRQHandler
                0x100010ce                SCU_2_IRQHandler
                0x100010d0                ERU0_0_IRQHandler
                0x100010d2                ERU0_1_IRQHandler
                0x100010d4                ERU0_2_IRQHandler
                0x100010d6                ERU0_3_IRQHandler
                0x100010d8                VADC0_C0_0_IRQHandler
                0x100010da                VADC0_C0_1_IRQHandler
                0x100010dc                VADC0_G0_0_IRQHandler
                0x100010de                VADC0_G0_1_IRQHandler
                0x100010e0                VADC0_G1_0_IRQHandler
                0x100010e2                VADC0_G1_1_IRQHandler
                0x100010e4                CCU40_0_IRQHandler
                0x100010e6                CCU40_1_IRQHandler
                0x100010e8                CCU40_2_IRQHandler
                0x100010ea                CCU40_3_IRQHandler
                0x100010f2                USIC0_3_IRQHandler
                0x100010f4                USIC0_4_IRQHandler
                0x100010f6                USIC0_5_IRQHandler
                0x100010f8                LEDTS0_0_IRQHandler
                0x100010fa                LEDTS1_0_IRQHandler
                0x100010fc                BCCU0_0_IRQHandler
 *fill*         0x100010fe        0x2 00
 .text.SystemCoreClockUpdate
                0x10001100       0x38 Startup/system_XMC1200.o
                0x10001100                SystemCoreClockUpdate
 .text.SystemInit
                0x10001138        0x8 Startup/system_XMC1200.o
                0x10001138                SystemInit
 .text.USIC0_1_IRQHandler
                0x10001140      0x640 Main.o
                0x10001140                USIC0_1_IRQHandler
 .text.USIC0_2_IRQHandler
                0x10001780      0x208 Main.o
                0x10001780                USIC0_2_IRQHandler
 .text.startup.main
                0x10001988       0xc4 Main.o
                0x10001988                main
 .text.DMX512RD01_CallBack
                0x10001a4c       0x9c Main.o
                0x10001a4c                DMX512RD01_CallBack
 .text.PWMSP003_lSetCompareEdgeAlign
                0x10001ae8       0x1c Dave/Generated/src/PWMSP003/PWMSP003.o
                0x10001ae8                PWMSP003_lSetCompareEdgeAlign
 .text.PWMSP003_lSetDutyEdgeAlign
                0x10001b04       0x4c Dave/Generated/src/PWMSP003/PWMSP003.o
                0x10001b04                PWMSP003_lSetDutyEdgeAlign
 .text.PWMSP003_UpdateCompare
                0x10001b50       0x40 Dave/Generated/src/PWMSP003/PWMSP003.o
                0x10001b50                PWMSP003_UpdateCompare
 .text.I2C003_WriteData
                0x10001b90       0x46 Dave/Generated/src/I2C003/I2C003.o
                0x10001b90                I2C003_WriteData
 .text.I2C003_ReadData
                0x10001bd6       0x20 Dave/Generated/src/I2C003/I2C003.o
                0x10001bd6                I2C003_ReadData
 .text.I2C003_ClearFlag
                0x10001bf6       0x2e Dave/Generated/src/I2C003/I2C003.o
                0x10001bf6                I2C003_ClearFlag
 .text.FLASH003_ClearStatus
                0x10001c24       0x20 Dave/Generated/src/FLASH003/FLASH003.o
                0x10001c24                FLASH003_ClearStatus
 .text.USIC0_0_IRQHandler
                0x10001c44       0x90 Dave/Generated/src/DMX512RD01/DMX512RD01.o
                0x10001c44                USIC0_0_IRQHandler
 .text.DMX512RD01_ConfigStartSlotNo
                0x10001cd4       0x28 Dave/Generated/src/DMX512RD01/DMX512RD01.o
                0x10001cd4                DMX512RD01_ConfigStartSlotNo
 .text.COLORLAMP01_SetColor
                0x10001cfc       0x88 Dave/Generated/src/COLORLAMP01/COLORLAMP01.o
                0x10001cfc                COLORLAMP01_SetColor
 .text.GET_CHANNEL_DIM_MASK
                0x10001d84        0x8 Dave/Generated/src/BCCUGLOBAL/BCCUGLOBAL.o
                0x10001d84                GET_CHANNEL_DIM_MASK
 .text.BCCUDIM01_StartDimming
                0x10001d8c        0xa Dave/Generated/src/BCCUDIM01/BCCUDIM01.o
                0x10001d8c                BCCUDIM01_StartDimming
 .text.BCCUDIM01_AbortDimming
                0x10001d96        0xc Dave/Generated/src/BCCUDIM01/BCCUDIM01.o
                0x10001d96                BCCUDIM01_AbortDimming
 .text.BCCUDIM01_SetDimLvl
                0x10001da2       0x12 Dave/Generated/src/BCCUDIM01/BCCUDIM01.o
                0x10001da2                BCCUDIM01_SetDimLvl
 .text.BCCUDIM01_GetDimLvl
                0x10001db4        0xa Dave/Generated/src/BCCUDIM01/BCCUDIM01.o
                0x10001db4                BCCUDIM01_GetDimLvl
 .text.BCCUDIM01_FadeCompletionStatus
                0x10001dbe       0x18 Dave/Generated/src/BCCUDIM01/BCCUDIM01.o
                0x10001dbe                BCCUDIM01_FadeCompletionStatus
 .text.BCCUDIM01_SetDimDiv
                0x10001dd6       0x12 Dave/Generated/src/BCCUDIM01/BCCUDIM01.o
                0x10001dd6                BCCUDIM01_SetDimDiv
 .text.BCCUDIM01_GetDimDiv
                0x10001de8        0xa Dave/Generated/src/BCCUDIM01/BCCUDIM01.o
                0x10001de8                BCCUDIM01_GetDimDiv
 .text.BCCUCH01_StartLinearWalk
                0x10001df2        0xa Dave/Generated/src/BCCUCH01/BCCUCH01.o
                0x10001df2                BCCUCH01_StartLinearWalk
 .text.BCCUCH01_AbortLinearWalk
                0x10001dfc        0xc Dave/Generated/src/BCCUCH01/BCCUCH01.o
                0x10001dfc                BCCUCH01_AbortLinearWalk
 .text.BCCUCH01_SetIntensity
                0x10001e08        0x6 Dave/Generated/src/BCCUCH01/BCCUCH01.o
                0x10001e08                BCCUCH01_SetIntensity
 .text.BCCUCH01_GetIntensity
                0x10001e0e        0x6 Dave/Generated/src/BCCUCH01/BCCUCH01.o
                0x10001e0e                BCCUCH01_GetIntensity
 .text.BCCUCH01_SetLinearWalkPrescaler
                0x10001e14       0x1c Dave/Generated/src/BCCUCH01/BCCUCH01.o
                0x10001e14                BCCUCH01_SetLinearWalkPrescaler
 .text          0x10001e30       0x9c c:/dave-3.1.10/arm-gcc/bin/../lib/gcc/arm-none-eabi/4.7.4/armv6-m\libgcc.a(_udivsi3.o)
                0x10001e30                __aeabi_uidiv
                0x10001e30                __udivsi3
                0x10001eb8                __aeabi_uidivmod
 .text          0x10001ecc        0x4 c:/dave-3.1.10/arm-gcc/bin/../lib/gcc/arm-none-eabi/4.7.4/armv6-m\libgcc.a(_dvmd_tls.o)
                0x10001ecc                __aeabi_idiv0
                0x10001ecc                __aeabi_ldiv0
 .text          0x10001ed0       0x74 c:/dave-3.1.10/arm-gcc/bin/../lib/gcc/arm-none-eabi/4.7.4/armv6-m\libgcc.a(_arm_cmpsf2.o)
                0x10001ed0                __aeabi_cfrcmple
                0x10001ed8                __aeabi_cfcmpeq
                0x10001ed8                __aeabi_cfcmple
                0x10001ee8                __aeabi_fcmpeq
                0x10001ef4                __aeabi_fcmplt
                0x10001f08                __aeabi_fcmple
                0x10001f1c                __aeabi_fcmpgt
                0x10001f30                __aeabi_fcmpge
 .text          0x10001f44       0x30 c:/dave-3.1.10/arm-gcc/bin/../lib/gcc/arm-none-eabi/4.7.4/armv6-m\libgcc.a(_fixunssfsi.o)
                0x10001f44                __fixunssfsi
                0x10001f44                __aeabi_f2uiz
 .text          0x10001f74      0x274 c:/dave-3.1.10/arm-gcc/bin/../lib/gcc/arm-none-eabi/4.7.4/armv6-m\libgcc.a(divsf3.o)
                0x10001f74                __aeabi_fdiv
 .text          0x100021e8       0x50 c:/dave-3.1.10/arm-gcc/bin/../lib/gcc/arm-none-eabi/4.7.4/armv6-m\libgcc.a(eqsf2.o)
                0x100021e8                __eqsf2
                0x100021e8                __nesf2
 .text          0x10002238       0x90 c:/dave-3.1.10/arm-gcc/bin/../lib/gcc/arm-none-eabi/4.7.4/armv6-m\libgcc.a(gesf2.o)
                0x10002238                __gesf2
                0x10002238                __gtsf2
 .text          0x100022c8       0x90 c:/dave-3.1.10/arm-gcc/bin/../lib/gcc/arm-none-eabi/4.7.4/armv6-m\libgcc.a(lesf2.o)
                0x100022c8                __ltsf2
                0x100022c8                __lesf2
 .text          0x10002358      0x260 c:/dave-3.1.10/arm-gcc/bin/../lib/gcc/arm-none-eabi/4.7.4/armv6-m\libgcc.a(mulsf3.o)
                0x10002358                __aeabi_fmul
 .text          0x100025b8      0x3b4 c:/dave-3.1.10/arm-gcc/bin/../lib/gcc/arm-none-eabi/4.7.4/armv6-m\libgcc.a(subsf3.o)
                0x100025b8                __aeabi_fsub
 .text          0x1000296c       0x40 c:/dave-3.1.10/arm-gcc/bin/../lib/gcc/arm-none-eabi/4.7.4/armv6-m\libgcc.a(fixsfsi.o)
                0x1000296c                __aeabi_f2iz
 .text          0x100029ac       0xa8 c:/dave-3.1.10/arm-gcc/bin/../lib/gcc/arm-none-eabi/4.7.4/armv6-m\libgcc.a(floatunsisf.o)
                0x100029ac                __aeabi_ui2f
 .text          0x10002a54       0x3c c:/dave-3.1.10/arm-gcc/bin/../lib/gcc/arm-none-eabi/4.7.4/armv6-m\libgcc.a(_clzsi2.o)
                0x10002a54                __clzsi2
 *(.glue*)
 .glue_7        0x00000000        0x0 linker stubs
 .glue_7t       0x00000000        0x0 linker stubs
 *(.v4*)
 .v4_bx         0x00000000        0x0 linker stubs
 *(.vfp11_veneer)
 .vfp11_veneer  0x00000000        0x0 linker stubs
 *(.init)
                0x10002a90                __preinit_array_start = .
 *(.preinit_array)
                0x10002a90                __preinit_array_end = .
                0x10002a90                __init_array_start = .
 *(SORT(.init_array.*))
 *(.init_array)
                0x10002a90                __init_array_end = .
 *crtbegin.o(.ctors)
 *(EXCLUDE_FILE(*crtend.o) .ctors)
 *(SORT(.ctors.*))
 *crtend.o(.ctors)
 *(.fini)
                0x10002a90                __fini_array_start = .
 *(.fini_array)
 *(SORT(.fini_array.*))
                0x10002a90                __fini_array_end = .
 *crtbegin.o(.dtors)
 *(EXCLUDE_FILE(*crtend.o) .dtors)
 *(SORT(.dtors.*))
 *crtend.o(.dtors)
                0x10002a90                __extab_start = .
 *(.ARM.extab* .gnu.linkonce.armextab.*)
                0x10002a90                . = ALIGN (0x4)
                0x10002a90                __extab_end = ABSOLUTE (.)

.iplt           0x10002a90        0x0
 .iplt          0x00000000        0x0 Startup/startup_XMC1200.o

.ARM.exidx      0x10002a90       0x10
                0x10002a90                __exidx_start = .
 *(.ARM.exidx* .gnu.linkonce.armexidx.*)
 .ARM.exidx.Xmc1200.reset
                0x10002a90        0x8 Startup/startup_XMC1200.o
 .ARM.exidx.Xmc1200.postreset
                0x10002a98        0x8 Startup/startup_XMC1200.o
                0x10002aa0                . = ALIGN (0x4)
                0x10002aa0                __exidx_end = ABSOLUTE (.)

.rodata         0x10002aa0      0x448
 *(.rodata .rodata.*)
 .rodata        0x10002aa0      0x138 Dave/Generated/src/PWMSP003/PWMSP003_Conf.o
                0x10002aa0                PWMSP003_Handle2
                0x10002b08                PWMSP003_Handle1
                0x10002b70                PWMSP003_Handle0
 .rodata        0x10002bd8       0x2c Dave/Generated/src/I2C003/I2C003_Conf.o
                0x10002bd8                I2C003_Handle0
 .rodata        0x10002c04       0x10 Dave/Generated/src/FLASH003/FLASH003_Conf.o
                0x10002c04                FLASH003_Handle0
 .rodata        0x10002c14        0xc Dave/Generated/src/DMX512RD01/DMX512RD01_Conf.o
                0x10002c14                DMX512RD01_Handle0
 .rodata        0x10002c20       0x24 Dave/Generated/src/COLORLAMP01/COLORLAMP01_Conf.o
                0x10002c20                COLORLAMP01_ConfigHandle0
 .rodata        0x10002c44       0x14 Dave/Generated/src/BCCUGLOBAL/BCCUGLOBAL_Conf.o
                0x10002c44                BCCUGlobal_Handle0
 .rodata        0x10002c58       0x18 Dave/Generated/src/BCCUDIM01/BCCUDIM01_Conf.o
                0x10002c58                BCCUDIM01_Handle0
 .rodata        0x10002c70      0x1f8 Dave/Generated/src/BCCUCH01/BCCUCH01_Conf.o
                0x10002c70                BCCUCH01_Handle5
                0x10002cc4                BCCUCH01_Handle4
                0x10002d18                BCCUCH01_Handle3
                0x10002d6c                BCCUCH01_Handle2
                0x10002dc0                BCCUCH01_Handle1
                0x10002e14                BCCUCH01_Handle0
 .rodata        0x10002e68       0x40 c:/dave-3.1.10/arm-gcc/bin/../lib/gcc/arm-none-eabi/4.7.4/armv6-m\libgcc.a(divsf3.o)
 .rodata        0x10002ea8       0x40 c:/dave-3.1.10/arm-gcc/bin/../lib/gcc/arm-none-eabi/4.7.4/armv6-m\libgcc.a(mulsf3.o)
 *(.gnu.linkonce.r*)
                0x10002ef0                . = ALIGN (0x10)
                0x10002ef0                eROData = .
                0x10002ef0                VeneerLoadAddr = ABSOLUTE (eROData)

.VENEER_Code    0x2000000c      0x12c load address 0x10002ef0
                0x2000000c                VeneerStart = .
 *(.XmcVeneerCode)
 .XmcVeneerCode
                0x2000000c      0x12c Startup/startup_XMC1200.o
                0x2000000c                HardFault_Veneer
                0x2000002c                SVC_Veneer
                0x20000038                PendSV_Veneer
                0x2000003c                SysTick_Veneer
                0x20000040                SCU_0_Veneer
                0x20000044                SCU_1_Veneer
                0x20000048                SCU_2_Veneer
                0x2000004c                SCU_3_Veneer
                0x20000050                SCU_4_Veneer
                0x20000054                SCU_5_Veneer
                0x20000058                SCU_6_Veneer
                0x20000064                USIC0_0_Veneer
                0x20000068                USIC0_1_Veneer
                0x2000006c                USIC0_2_Veneer
                0x20000070                USIC0_3_Veneer
                0x20000074                USIC0_4_Veneer
                0x20000078                USIC0_5_Veneer
                0x2000007c                VADC0_C0_0_Veneer
                0x20000080                VADC0_C0_1_Veneer
                0x20000084                VADC0_G0_0_Veneer
                0x20000088                VADC0_G0_1_Veneer
                0x2000008c                VADC0_G1_0_Veneer
                0x20000090                VADC0_G1_1_Veneer
                0x20000094                CCU40_0_Veneer
                0x20000098                CCU40_1_Veneer
                0x2000009c                CCU40_2_Veneer
                0x200000a0                CCU40_3_Veneer
                0x200000b4                LEDTS0_0_Veneer
                0x200000b8                LEDTS1_0_Veneer
                0x200000bc                BCCU0_0_Veneer
                0x20000138                . = ALIGN (0x4)
                0x20000138                VeneerEnd = .
                0x0000012c                VeneerSize = (ABSOLUTE (VeneerEnd) - ABSOLUTE (VeneerStart))

.rel.dyn        0x20000138        0x0 load address 0x1000301c
 .rel.iplt      0x00000000        0x0 Startup/startup_XMC1200.o

.GUARD_Band     0x20000138        0x8 load address 0x00000000
                0x2000013b                . = (. + 0x3)
 *fill*         0x20000138        0x3 00
                0x20000140                . = ALIGN (0x10)
 *fill*         0x2000013b        0x5 00
                0x20000140                Guard_Band_End = .

Stack           0x20000140      0x800 load address 0x00000000
                0x20000940                . = (. + stack_size)
 *fill*         0x20000140      0x800 00
                0x20000940                __Xmc1200_stack = .

.bss            0x20000940       0xe4
                0x20000940                __Xmc1200_sBSS = .
 *(.bss)
 .bss           0x20000940       0x48 Main.o
                0x20000940                byteCount
                0x20000944                Command
                0x20000945                DataUpper
                0x20000946                DataLower
                0x20000948                writeToFlash
                0x2000094c                DataTotal
                0x20000950                changeAddress
                0x20000954                tryyy
                0x20000958                registerAddress
                0x2000095c                DMX_16
                0x20000960                dmx_RedH
                0x20000962                dmx_RedL
                0x20000964                dmx_GreenH
                0x20000966                dmx_GreenL
                0x20000968                DataDirect
                0x2000096c                dmx_BlueH
                0x2000096e                dmx_BlueL
                0x20000970                temp
                0x20000974                flashTest
                0x20000978                testflash
                0x2000097c                testflashadd
                0x20000980                flashAddressStore
                0x20000984                dimLevel
 .bss           0x20000988        0x3 Dave/Generated/src/PWMSP003/PWMSP003_Conf.o
                0x20000988                PWMSP003_DynamicData2
                0x20000989                PWMSP003_DynamicData1
                0x2000098a                PWMSP003_DynamicData0
 *fill*         0x2000098b        0x1 00
 .bss           0x2000098c        0x8 Dave/Generated/src/DMX512RD01/DMX512RD01.o
                0x2000098c                ReadByte
 *(.bss*)
 *(COMMON)
 COMMON         0x20000994        0x4 Startup/system_XMC1200.o
                0x20000994                SystemCoreClock
 COMMON         0x20000998       0x71 Main.o
                0x20000998                Lamphandle
                0x200009b4                flashBuffer
                0x200009f0                data1
                0x200009f2                data2
                0x200009f4                ReadBuffer
                0x20000a03                data4
                0x20000a05                data3
                0x20000a07                data5
 *fill*         0x20000a09        0x3 00
 COMMON         0x20000a0c       0x18 Dave/Generated/src/DMX512RD01/DMX512RD01.o
                0x20000a0c                DMX512RD01_buffer
 *(.gnu.linkonce.b*)
                0x20000a24                __Xmc1200_eBSS = ALIGN (0x4)
                0x000000e4                __Xmc1200_BSS_Size = (__Xmc1200_eBSS - __Xmc1200_sBSS)
                0x1000301c                DataLoadAddr = (eROData + VeneerSize)

.data           0x20000a30       0x18 load address 0x1000301c
                0x20000a30                __Xmc1200_sData = .
 *(.data)
 .data          0x20000a30       0x10 Main.o
                0x20000a30                DMXControl
                0x20000a34                startingSlot
                0x20000a38                DMX_8
                0x20000a3c                flashAddress
 .data          0x20000a40        0x8 Dave/Generated/src/DMX512RD01/DMX512RD01.o
 *(.data*)
 *(*.data)
 *(.gnu.linkonce.d*)
                0x20000a48                __Xmc1200_eData = ALIGN (0x4)
                0x00000018                __Xmc1200_Data_Size = (__Xmc1200_eData - __Xmc1200_sData)
                0x20000a48                __Xmc1200_heap_start = ALIGN (0x8)
                0x20004000                __Xmc1200_heap_end = (ORIGIN (SRAM) + 0x4000)
                0x20000a48                Heap_Bank1_Start = __Xmc1200_heap_start
                0x000035b8                Heap_Bank1_Size = (__Xmc1200_heap_end - __Xmc1200_heap_start)

.igot.plt       0x20000a48        0x0 load address 0x10003034
 .igot.plt      0x00000000        0x0 Startup/startup_XMC1200.o

/DISCARD/
 *(.comment)

.stab
 *(.stab)

.stabstr
 *(.stabstr)

.debug
 *(.debug)

.line
 *(.line)

.debug_srcinfo
 *(.debug_srcinfo)

.debug_sfnames
 *(.debug_sfnames)

.debug_aranges  0x00000000      0x588
 *(.debug_aranges)
 .debug_aranges
                0x00000000       0x40 Startup/startup_XMC1200.o
 .debug_aranges
                0x00000040       0x28 Startup/system_XMC1200.o
 .debug_aranges
                0x00000068       0x38 Main.o
 .debug_aranges
                0x000000a0      0x108 Dave/Generated/src/PWMSP003/PWMSP003.o
 .debug_aranges
                0x000001a8       0x18 Dave/Generated/src/PWMSP003/PWMSP003_Conf.o
 .debug_aranges
                0x000001c0       0x78 Dave/Generated/src/I2C003/I2C003.o
 .debug_aranges
                0x00000238       0x18 Dave/Generated/src/I2C003/I2C003_Conf.o
 .debug_aranges
                0x00000250       0x70 Dave/Generated/src/FLASH003/FLASH003.o
 .debug_aranges
                0x000002c0       0x18 Dave/Generated/src/FLASH003/FLASH003_Conf.o
 .debug_aranges
                0x000002d8       0x30 Dave/Generated/src/DMX512RD01/DMX512RD01.o
 .debug_aranges
                0x00000308       0x18 Dave/Generated/src/DMX512RD01/DMX512RD01_Conf.o
 .debug_aranges
                0x00000320       0x50 Dave/Generated/src/COLORLAMP01/COLORLAMP01.o
 .debug_aranges
                0x00000370       0x18 Dave/Generated/src/COLORLAMP01/COLORLAMP01_Conf.o
 .debug_aranges
                0x00000388       0x88 Dave/Generated/src/BCCUGLOBAL/BCCUGLOBAL.o
 .debug_aranges
                0x00000410       0x18 Dave/Generated/src/BCCUGLOBAL/BCCUGLOBAL_Conf.o
 .debug_aranges
                0x00000428       0x98 Dave/Generated/src/BCCUDIM01/BCCUDIM01.o
 .debug_aranges
                0x000004c0       0x18 Dave/Generated/src/BCCUDIM01/BCCUDIM01_Conf.o
 .debug_aranges
                0x000004d8       0x98 Dave/Generated/src/BCCUCH01/BCCUCH01.o
 .debug_aranges
                0x00000570       0x18 Dave/Generated/src/BCCUCH01/BCCUCH01_Conf.o

.debug_pubnames
 *(.debug_pubnames)

.debug_pubtypes
 *(.debug_pubtypes)

.debug_info     0x00000000     0xb5cb
 *(.debug_info .gnu.linkonce.wi.*)
 .debug_info    0x00000000       0x7b Startup/startup_XMC1200.o
 .debug_info    0x0000007b      0x16f Startup/system_XMC1200.o
 .debug_info    0x000001ea     0x2660 Main.o
 .debug_info    0x0000284a     0x166a Dave/Generated/src/PWMSP003/PWMSP003.o
 .debug_info    0x00003eb4      0xac9 Dave/Generated/src/PWMSP003/PWMSP003_Conf.o
 .debug_info    0x0000497d      0xd89 Dave/Generated/src/I2C003/I2C003.o
 .debug_info    0x00005706      0x712 Dave/Generated/src/I2C003/I2C003_Conf.o
 .debug_info    0x00005e18      0x917 Dave/Generated/src/FLASH003/FLASH003.o
 .debug_info    0x0000672f      0x292 Dave/Generated/src/FLASH003/FLASH003_Conf.o
 .debug_info    0x000069c1      0x9ba Dave/Generated/src/DMX512RD01/DMX512RD01.o
 .debug_info    0x0000737b      0x6f6 Dave/Generated/src/DMX512RD01/DMX512RD01_Conf.o
 .debug_info    0x00007a71      0xca5 Dave/Generated/src/COLORLAMP01/COLORLAMP01.o
 .debug_info    0x00008716      0x8dd Dave/Generated/src/COLORLAMP01/COLORLAMP01_Conf.o
 .debug_info    0x00008ff3      0x83a Dave/Generated/src/BCCUGLOBAL/BCCUGLOBAL.o
 .debug_info    0x0000982d      0x30f Dave/Generated/src/BCCUGLOBAL/BCCUGLOBAL_Conf.o
 .debug_info    0x00009b3c      0x678 Dave/Generated/src/BCCUDIM01/BCCUDIM01.o
 .debug_info    0x0000a1b4      0x31b Dave/Generated/src/BCCUDIM01/BCCUDIM01_Conf.o
 .debug_info    0x0000a4cf      0xb7f Dave/Generated/src/BCCUCH01/BCCUCH01.o
 .debug_info    0x0000b04e      0x57d Dave/Generated/src/BCCUCH01/BCCUCH01_Conf.o

.debug_abbrev   0x00000000     0x1b8a
 *(.debug_abbrev)
 .debug_abbrev  0x00000000       0x12 Startup/startup_XMC1200.o
 .debug_abbrev  0x00000012       0xd2 Startup/system_XMC1200.o
 .debug_abbrev  0x000000e4      0x294 Main.o
 .debug_abbrev  0x00000378      0x235 Dave/Generated/src/PWMSP003/PWMSP003.o
 .debug_abbrev  0x000005ad      0x104 Dave/Generated/src/PWMSP003/PWMSP003_Conf.o
 .debug_abbrev  0x000006b1      0x268 Dave/Generated/src/I2C003/I2C003.o
 .debug_abbrev  0x00000919      0x121 Dave/Generated/src/I2C003/I2C003_Conf.o
 .debug_abbrev  0x00000a3a      0x203 Dave/Generated/src/FLASH003/FLASH003.o
 .debug_abbrev  0x00000c3d       0xdf Dave/Generated/src/FLASH003/FLASH003_Conf.o
 .debug_abbrev  0x00000d1c      0x1ad Dave/Generated/src/DMX512RD01/DMX512RD01.o
 .debug_abbrev  0x00000ec9      0x101 Dave/Generated/src/DMX512RD01/DMX512RD01_Conf.o
 .debug_abbrev  0x00000fca      0x19e Dave/Generated/src/COLORLAMP01/COLORLAMP01.o
 .debug_abbrev  0x00001168       0xf7 Dave/Generated/src/COLORLAMP01/COLORLAMP01_Conf.o
 .debug_abbrev  0x0000125f      0x211 Dave/Generated/src/BCCUGLOBAL/BCCUGLOBAL.o
 .debug_abbrev  0x00001470       0xc8 Dave/Generated/src/BCCUGLOBAL/BCCUGLOBAL_Conf.o
 .debug_abbrev  0x00001538      0x1c6 Dave/Generated/src/BCCUDIM01/BCCUDIM01.o
 .debug_abbrev  0x000016fe       0xdc Dave/Generated/src/BCCUDIM01/BCCUDIM01_Conf.o
 .debug_abbrev  0x000017da      0x2b6 Dave/Generated/src/BCCUCH01/BCCUCH01.o
 .debug_abbrev  0x00001a90       0xfa Dave/Generated/src/BCCUCH01/BCCUCH01_Conf.o

.debug_line     0x00000000     0xceed
 *(.debug_line)
 .debug_line    0x00000000      0x159 Startup/startup_XMC1200.o
 .debug_line    0x00000159      0x2fa Startup/system_XMC1200.o
 .debug_line    0x00000453     0x14f1 Main.o
 .debug_line    0x00001944     0x1760 Dave/Generated/src/PWMSP003/PWMSP003.o
 .debug_line    0x000030a4     0x1314 Dave/Generated/src/PWMSP003/PWMSP003_Conf.o
 .debug_line    0x000043b8     0x1517 Dave/Generated/src/I2C003/I2C003.o
 .debug_line    0x000058cf      0x3e4 Dave/Generated/src/I2C003/I2C003_Conf.o
 .debug_line    0x00005cb3     0x155a Dave/Generated/src/FLASH003/FLASH003.o
 .debug_line    0x0000720d     0x12a7 Dave/Generated/src/FLASH003/FLASH003_Conf.o
 .debug_line    0x000084b4      0x482 Dave/Generated/src/DMX512RD01/DMX512RD01.o
 .debug_line    0x00008936      0x39f Dave/Generated/src/DMX512RD01/DMX512RD01_Conf.o
 .debug_line    0x00008cd5     0x1345 Dave/Generated/src/COLORLAMP01/COLORLAMP01.o
 .debug_line    0x0000a01a     0x12ad Dave/Generated/src/COLORLAMP01/COLORLAMP01_Conf.o
 .debug_line    0x0000b2c7      0x4ce Dave/Generated/src/BCCUGLOBAL/BCCUGLOBAL.o
 .debug_line    0x0000b795      0x393 Dave/Generated/src/BCCUGLOBAL/BCCUGLOBAL_Conf.o
 .debug_line    0x0000bb28      0x559 Dave/Generated/src/BCCUDIM01/BCCUDIM01.o
 .debug_line    0x0000c081      0x411 Dave/Generated/src/BCCUDIM01/BCCUDIM01_Conf.o
 .debug_line    0x0000c492      0x653 Dave/Generated/src/BCCUCH01/BCCUCH01.o
 .debug_line    0x0000cae5      0x408 Dave/Generated/src/BCCUCH01/BCCUCH01_Conf.o

.debug_frame    0x00000000      0xd50
 *(.debug_frame)
 .debug_frame   0x00000000       0x48 Startup/system_XMC1200.o
 .debug_frame   0x00000048       0x9c Main.o
 .debug_frame   0x000000e4      0x2ec Dave/Generated/src/PWMSP003/PWMSP003.o
 .debug_frame   0x000003d0      0x14c Dave/Generated/src/I2C003/I2C003.o
 .debug_frame   0x0000051c      0x180 Dave/Generated/src/FLASH003/FLASH003.o
 .debug_frame   0x0000069c       0x5c Dave/Generated/src/DMX512RD01/DMX512RD01.o
 .debug_frame   0x000006f8       0xd0 Dave/Generated/src/COLORLAMP01/COLORLAMP01.o
 .debug_frame   0x000007c8       0xfc Dave/Generated/src/BCCUGLOBAL/BCCUGLOBAL.o
 .debug_frame   0x000008c4      0x150 Dave/Generated/src/BCCUDIM01/BCCUDIM01.o
 .debug_frame   0x00000a14      0x178 Dave/Generated/src/BCCUCH01/BCCUCH01.o
 .debug_frame   0x00000b8c       0x20 c:/dave-3.1.10/arm-gcc/bin/../lib/gcc/arm-none-eabi/4.7.4/armv6-m\libgcc.a(_udivsi3.o)
 .debug_frame   0x00000bac       0x28 c:/dave-3.1.10/arm-gcc/bin/../lib/gcc/arm-none-eabi/4.7.4/armv6-m\libgcc.a(_fixunssfsi.o)
 .debug_frame   0x00000bd4       0x3c c:/dave-3.1.10/arm-gcc/bin/../lib/gcc/arm-none-eabi/4.7.4/armv6-m\libgcc.a(divsf3.o)
 .debug_frame   0x00000c10       0x2c c:/dave-3.1.10/arm-gcc/bin/../lib/gcc/arm-none-eabi/4.7.4/armv6-m\libgcc.a(eqsf2.o)
 .debug_frame   0x00000c3c       0x30 c:/dave-3.1.10/arm-gcc/bin/../lib/gcc/arm-none-eabi/4.7.4/armv6-m\libgcc.a(gesf2.o)
 .debug_frame   0x00000c6c       0x30 c:/dave-3.1.10/arm-gcc/bin/../lib/gcc/arm-none-eabi/4.7.4/armv6-m\libgcc.a(lesf2.o)
 .debug_frame   0x00000c9c       0x3c c:/dave-3.1.10/arm-gcc/bin/../lib/gcc/arm-none-eabi/4.7.4/armv6-m\libgcc.a(mulsf3.o)
 .debug_frame   0x00000cd8       0x30 c:/dave-3.1.10/arm-gcc/bin/../lib/gcc/arm-none-eabi/4.7.4/armv6-m\libgcc.a(subsf3.o)
 .debug_frame   0x00000d08       0x20 c:/dave-3.1.10/arm-gcc/bin/../lib/gcc/arm-none-eabi/4.7.4/armv6-m\libgcc.a(fixsfsi.o)
 .debug_frame   0x00000d28       0x28 c:/dave-3.1.10/arm-gcc/bin/../lib/gcc/arm-none-eabi/4.7.4/armv6-m\libgcc.a(floatunsisf.o)

.debug_str      0x00000000    0x33e44
 *(.debug_str)
 .debug_str     0x00000000    0x2e0a4 Startup/system_XMC1200.o
                              0x2e157 (size before relaxing)
 .debug_str     0x0002e0a4     0x425e Main.o
                              0x32496 (size before relaxing)
 .debug_str     0x00032302      0x747 Dave/Generated/src/PWMSP003/PWMSP003.o
                              0x3167b (size before relaxing)
 .debug_str     0x00032a49       0x71 Dave/Generated/src/PWMSP003/PWMSP003_Conf.o
                              0x30f44 (size before relaxing)
 .debug_str     0x00032aba      0x3d5 Dave/Generated/src/I2C003/I2C003.o
                              0x30d4e (size before relaxing)
 .debug_str     0x00032e8f       0x2b Dave/Generated/src/I2C003/I2C003_Conf.o
                              0x2ef61 (size before relaxing)
 .debug_str     0x00032eba      0x6ec Dave/Generated/src/FLASH003/FLASH003.o
                              0x30c6c (size before relaxing)
 .debug_str     0x000335a6       0x2f Dave/Generated/src/FLASH003/FLASH003_Conf.o
                              0x306e3 (size before relaxing)
 .debug_str     0x000335d5       0xd0 Dave/Generated/src/DMX512RD01/DMX512RD01.o
                              0x2ea49 (size before relaxing)
 .debug_str     0x000336a5       0x33 Dave/Generated/src/DMX512RD01/DMX512RD01_Conf.o
                              0x2eb14 (size before relaxing)
 .debug_str     0x000336d8      0x127 Dave/Generated/src/COLORLAMP01/COLORLAMP01.o
                              0x31103 (size before relaxing)
 .debug_str     0x000337ff       0x48 Dave/Generated/src/COLORLAMP01/COLORLAMP01_Conf.o
                              0x30f0c (size before relaxing)
 .debug_str     0x00033847      0x29b Dave/Generated/src/BCCUGLOBAL/BCCUGLOBAL.o
                              0x2ea10 (size before relaxing)
 .debug_str     0x00033ae2       0x33 Dave/Generated/src/BCCUGLOBAL/BCCUGLOBAL_Conf.o
                              0x2e693 (size before relaxing)
 .debug_str     0x00033b15      0x110 Dave/Generated/src/BCCUDIM01/BCCUDIM01.o
                              0x2e770 (size before relaxing)
 .debug_str     0x00033c25       0x31 Dave/Generated/src/BCCUDIM01/BCCUDIM01_Conf.o
                              0x2e5ef (size before relaxing)
 .debug_str     0x00033c56      0x1bf Dave/Generated/src/BCCUCH01/BCCUCH01.o
                              0x2edd5 (size before relaxing)
 .debug_str     0x00033e15       0x2f Dave/Generated/src/BCCUCH01/BCCUCH01_Conf.o
                              0x2e954 (size before relaxing)

.debug_loc      0x00000000     0x3abf
 *(.debug_loc)
 .debug_loc     0x00000000       0x86 Startup/system_XMC1200.o
 .debug_loc     0x00000086      0x1ff Main.o
 .debug_loc     0x00000285     0x1817 Dave/Generated/src/PWMSP003/PWMSP003.o
 .debug_loc     0x00001a9c      0x94d Dave/Generated/src/I2C003/I2C003.o
 .debug_loc     0x000023e9      0xa20 Dave/Generated/src/FLASH003/FLASH003.o
 .debug_loc     0x00002e09       0xb4 Dave/Generated/src/DMX512RD01/DMX512RD01.o
 .debug_loc     0x00002ebd      0x2a4 Dave/Generated/src/COLORLAMP01/COLORLAMP01.o
 .debug_loc     0x00003161      0x1cc Dave/Generated/src/BCCUGLOBAL/BCCUGLOBAL.o
 .debug_loc     0x0000332d      0x2f7 Dave/Generated/src/BCCUDIM01/BCCUDIM01.o
 .debug_loc     0x00003624      0x49b Dave/Generated/src/BCCUCH01/BCCUCH01.o

.debug_macinfo
 *(.debug_macinfo)

.debug_ranges   0x00000000      0x490
 *(.debug_ranges)
 .debug_ranges  0x00000000       0x38 Startup/startup_XMC1200.o
 .debug_ranges  0x00000038       0x18 Startup/system_XMC1200.o
 .debug_ranges  0x00000050       0x28 Main.o
 .debug_ranges  0x00000078       0xf8 Dave/Generated/src/PWMSP003/PWMSP003.o
 .debug_ranges  0x00000170       0x68 Dave/Generated/src/I2C003/I2C003.o
 .debug_ranges  0x000001d8       0x60 Dave/Generated/src/FLASH003/FLASH003.o
 .debug_ranges  0x00000238       0x20 Dave/Generated/src/DMX512RD01/DMX512RD01.o
 .debug_ranges  0x00000258       0x40 Dave/Generated/src/COLORLAMP01/COLORLAMP01.o
 .debug_ranges  0x00000298       0xb8 Dave/Generated/src/BCCUGLOBAL/BCCUGLOBAL.o
 .debug_ranges  0x00000350       0x88 Dave/Generated/src/BCCUDIM01/BCCUDIM01.o
 .debug_ranges  0x000003d8       0xb8 Dave/Generated/src/BCCUCH01/BCCUCH01.o

.debug_weaknames
 *(.debug_weaknames)

.debug_funcnames
 *(.debug_funcnames)

.debug_typenames
 *(.debug_typenames)

.debug_varnames
 *(.debug_varnames)

.build_attributes
                0x00000000      0x597
 *(.ARM.attributes)
 .ARM.attributes
                0x00000000       0x21 Startup/startup_XMC1200.o
 .ARM.attributes
                0x00000021       0x31 Startup/system_XMC1200.o
 .ARM.attributes
                0x00000052       0x31 Main.o
 .ARM.attributes
                0x00000083       0x31 Dave/Generated/src/PWMSP003/PWMSP003.o
 .ARM.attributes
                0x000000b4       0x31 Dave/Generated/src/PWMSP003/PWMSP003_Conf.o
 .ARM.attributes
                0x000000e5       0x31 Dave/Generated/src/I2C003/I2C003.o
 .ARM.attributes
                0x00000116       0x31 Dave/Generated/src/I2C003/I2C003_Conf.o
 .ARM.attributes
                0x00000147       0x31 Dave/Generated/src/FLASH003/FLASH003.o
 .ARM.attributes
                0x00000178       0x31 Dave/Generated/src/FLASH003/FLASH003_Conf.o
 .ARM.attributes
                0x000001a9       0x31 Dave/Generated/src/DMX512RD01/DMX512RD01.o
 .ARM.attributes
                0x000001da       0x31 Dave/Generated/src/DMX512RD01/DMX512RD01_Conf.o
 .ARM.attributes
                0x0000020b       0x31 Dave/Generated/src/COLORLAMP01/COLORLAMP01.o
 .ARM.attributes
                0x0000023c       0x31 Dave/Generated/src/COLORLAMP01/COLORLAMP01_Conf.o
 .ARM.attributes
                0x0000026d       0x31 Dave/Generated/src/BCCUGLOBAL/BCCUGLOBAL.o
 .ARM.attributes
                0x0000029e       0x31 Dave/Generated/src/BCCUGLOBAL/BCCUGLOBAL_Conf.o
 .ARM.attributes
                0x000002cf       0x31 Dave/Generated/src/BCCUDIM01/BCCUDIM01.o
 .ARM.attributes
                0x00000300       0x31 Dave/Generated/src/BCCUDIM01/BCCUDIM01_Conf.o
 .ARM.attributes
                0x00000331       0x31 Dave/Generated/src/BCCUCH01/BCCUCH01.o
 .ARM.attributes
                0x00000362       0x31 Dave/Generated/src/BCCUCH01/BCCUCH01_Conf.o
 .ARM.attributes
                0x00000393       0x1e c:/dave-3.1.10/arm-gcc/bin/../lib/gcc/arm-none-eabi/4.7.4/armv6-m\libgcc.a(_udivsi3.o)
 .ARM.attributes
                0x000003b1       0x1e c:/dave-3.1.10/arm-gcc/bin/../lib/gcc/arm-none-eabi/4.7.4/armv6-m\libgcc.a(_dvmd_tls.o)
 .ARM.attributes
                0x000003cf       0x1e c:/dave-3.1.10/arm-gcc/bin/../lib/gcc/arm-none-eabi/4.7.4/armv6-m\libgcc.a(_arm_cmpsf2.o)
 .ARM.attributes
                0x000003ed       0x2c c:/dave-3.1.10/arm-gcc/bin/../lib/gcc/arm-none-eabi/4.7.4/armv6-m\libgcc.a(_fixunssfsi.o)
 .ARM.attributes
                0x00000419       0x2c c:/dave-3.1.10/arm-gcc/bin/../lib/gcc/arm-none-eabi/4.7.4/armv6-m\libgcc.a(divsf3.o)
 .ARM.attributes
                0x00000445       0x2c c:/dave-3.1.10/arm-gcc/bin/../lib/gcc/arm-none-eabi/4.7.4/armv6-m\libgcc.a(eqsf2.o)
 .ARM.attributes
                0x00000471       0x2c c:/dave-3.1.10/arm-gcc/bin/../lib/gcc/arm-none-eabi/4.7.4/armv6-m\libgcc.a(gesf2.o)
 .ARM.attributes
                0x0000049d       0x2c c:/dave-3.1.10/arm-gcc/bin/../lib/gcc/arm-none-eabi/4.7.4/armv6-m\libgcc.a(lesf2.o)
 .ARM.attributes
                0x000004c9       0x2c c:/dave-3.1.10/arm-gcc/bin/../lib/gcc/arm-none-eabi/4.7.4/armv6-m\libgcc.a(mulsf3.o)
 .ARM.attributes
                0x000004f5       0x2c c:/dave-3.1.10/arm-gcc/bin/../lib/gcc/arm-none-eabi/4.7.4/armv6-m\libgcc.a(subsf3.o)
 .ARM.attributes
                0x00000521       0x2c c:/dave-3.1.10/arm-gcc/bin/../lib/gcc/arm-none-eabi/4.7.4/armv6-m\libgcc.a(fixsfsi.o)
 .ARM.attributes
                0x0000054d       0x2c c:/dave-3.1.10/arm-gcc/bin/../lib/gcc/arm-none-eabi/4.7.4/armv6-m\libgcc.a(floatunsisf.o)
 .ARM.attributes
                0x00000579       0x1e c:/dave-3.1.10/arm-gcc/bin/../lib/gcc/arm-none-eabi/4.7.4/armv6-m\libgcc.a(_clzsi2.o)
OUTPUT(RGB_LED_Shield_XMC1200_tmp.elf elf32-littlearm)

.debug_macro    0x00000000     0xa9a4
 .debug_macro   0x00000000       0xb7 Startup/system_XMC1200.o
 .debug_macro   0x000000b7      0x7f6 Startup/system_XMC1200.o
 .debug_macro   0x000008ad       0x3a Startup/system_XMC1200.o
 .debug_macro   0x000008e7       0x10 Startup/system_XMC1200.o
 .debug_macro   0x000008f7       0x2e Startup/system_XMC1200.o
 .debug_macro   0x00000925       0xa3 Startup/system_XMC1200.o
 .debug_macro   0x000009c8      0x20e Startup/system_XMC1200.o
 .debug_macro   0x00000bd6       0x36 Startup/system_XMC1200.o
 .debug_macro   0x00000c0c       0x22 Startup/system_XMC1200.o
 .debug_macro   0x00000c2e       0x3a Startup/system_XMC1200.o
 .debug_macro   0x00000c68       0x1f Startup/system_XMC1200.o
 .debug_macro   0x00000c87      0x242 Startup/system_XMC1200.o
 .debug_macro   0x00000ec9     0x704f Startup/system_XMC1200.o
 .debug_macro   0x00007f18      0x3d5 Main.o
 .debug_macro   0x000082ed      0x16c Main.o
 .debug_macro   0x00008459       0x22 Main.o
 .debug_macro   0x0000847b      0x311 Main.o
 .debug_macro   0x0000878c      0x130 Main.o
 .debug_macro   0x000088bc       0x10 Main.o
 .debug_macro   0x000088cc       0x10 Main.o
 .debug_macro   0x000088dc       0x10 Main.o
 .debug_macro   0x000088ec       0x10 Main.o
 .debug_macro   0x000088fc       0x3a Main.o
 .debug_macro   0x00008936       0x10 Main.o
 .debug_macro   0x00008946       0x18 Main.o
 .debug_macro   0x0000895e       0x28 Main.o
 .debug_macro   0x00008986       0x82 Main.o
 .debug_macro   0x00008a08       0x2d Main.o
 .debug_macro   0x00008a35       0xb4 Main.o
 .debug_macro   0x00008ae9       0x1c Main.o
 .debug_macro   0x00008b05       0x3a Main.o
 .debug_macro   0x00008b3f       0x22 Main.o
 .debug_macro   0x00008b61       0x64 Main.o
 .debug_macro   0x00008bc5      0x2eb Dave/Generated/src/PWMSP003/PWMSP003.o
 .debug_macro   0x00008eb0      0x2eb Dave/Generated/src/PWMSP003/PWMSP003_Conf.o
 .debug_macro   0x0000919b      0x37d Dave/Generated/src/I2C003/I2C003.o
 .debug_macro   0x00009518       0xae Dave/Generated/src/I2C003/I2C003.o
 .debug_macro   0x000095c6       0xfb Dave/Generated/src/I2C003/I2C003_Conf.o
 .debug_macro   0x000096c1      0x331 Dave/Generated/src/FLASH003/FLASH003.o
 .debug_macro   0x000099f2      0x2df Dave/Generated/src/FLASH003/FLASH003_Conf.o
 .debug_macro   0x00009cd1       0xec Dave/Generated/src/DMX512RD01/DMX512RD01.o
 .debug_macro   0x00009dbd       0xd7 Dave/Generated/src/DMX512RD01/DMX512RD01_Conf.o
 .debug_macro   0x00009e94      0x2df Dave/Generated/src/COLORLAMP01/COLORLAMP01.o
 .debug_macro   0x0000a173      0x2df Dave/Generated/src/COLORLAMP01/COLORLAMP01_Conf.o
 .debug_macro   0x0000a452       0xcf Dave/Generated/src/BCCUGLOBAL/BCCUGLOBAL.o
 .debug_macro   0x0000a521       0xcf Dave/Generated/src/BCCUGLOBAL/BCCUGLOBAL_Conf.o
 .debug_macro   0x0000a5f0       0xed Dave/Generated/src/BCCUDIM01/BCCUDIM01.o
 .debug_macro   0x0000a6dd       0xed Dave/Generated/src/BCCUDIM01/BCCUDIM01_Conf.o
 .debug_macro   0x0000a7ca       0xed Dave/Generated/src/BCCUCH01/BCCUCH01.o
 .debug_macro   0x0000a8b7       0xed Dave/Generated/src/BCCUCH01/BCCUCH01_Conf.o
