Archive member included because of file (symbol)

c:/dave-3.1.10/arm-gcc/bin/../lib/gcc/arm-none-eabi/4.7.4/armv6-m\libgcc.a(_udivsi3.o)
                              Startup/system_XMC1200.o (__aeabi_uidiv)
c:/dave-3.1.10/arm-gcc/bin/../lib/gcc/arm-none-eabi/4.7.4/armv6-m\libgcc.a(_dvmd_tls.o)
                              c:/dave-3.1.10/arm-gcc/bin/../lib/gcc/arm-none-eabi/4.7.4/armv6-m\libgcc.a(_udivsi3.o) (__aeabi_idiv0)
c:/dave-3.1.10/arm-gcc/bin/../lib/gcc/arm-none-eabi/4.7.4/armv6-m\libgcc.a(_arm_cmpsf2.o)
                              Dave/Generated/src/PWMSP003/PWMSP003.o (__aeabi_fcmplt)
c:/dave-3.1.10/arm-gcc/bin/../lib/gcc/arm-none-eabi/4.7.4/armv6-m\libgcc.a(_fixunssfsi.o)
                              Dave/Generated/src/PWMSP003/PWMSP003.o (__aeabi_f2uiz)
c:/dave-3.1.10/arm-gcc/bin/../lib/gcc/arm-none-eabi/4.7.4/armv6-m\libgcc.a(addsf3.o)
                              Dave/Generated/src/I2C003/I2C003.o (__aeabi_fadd)
c:/dave-3.1.10/arm-gcc/bin/../lib/gcc/arm-none-eabi/4.7.4/armv6-m\libgcc.a(divsf3.o)
                              Dave/Generated/src/PWMSP003/PWMSP003.o (__aeabi_fdiv)
c:/dave-3.1.10/arm-gcc/bin/../lib/gcc/arm-none-eabi/4.7.4/armv6-m\libgcc.a(eqsf2.o)
                              c:/dave-3.1.10/arm-gcc/bin/../lib/gcc/arm-none-eabi/4.7.4/armv6-m\libgcc.a(_arm_cmpsf2.o) (__eqsf2)
c:/dave-3.1.10/arm-gcc/bin/../lib/gcc/arm-none-eabi/4.7.4/armv6-m\libgcc.a(gesf2.o)
                              c:/dave-3.1.10/arm-gcc/bin/../lib/gcc/arm-none-eabi/4.7.4/armv6-m\libgcc.a(_arm_cmpsf2.o) (__gesf2)
c:/dave-3.1.10/arm-gcc/bin/../lib/gcc/arm-none-eabi/4.7.4/armv6-m\libgcc.a(lesf2.o)
                              c:/dave-3.1.10/arm-gcc/bin/../lib/gcc/arm-none-eabi/4.7.4/armv6-m\libgcc.a(_arm_cmpsf2.o) (__lesf2)
c:/dave-3.1.10/arm-gcc/bin/../lib/gcc/arm-none-eabi/4.7.4/armv6-m\libgcc.a(mulsf3.o)
                              Dave/Generated/src/PWMSP003/PWMSP003.o (__aeabi_fmul)
c:/dave-3.1.10/arm-gcc/bin/../lib/gcc/arm-none-eabi/4.7.4/armv6-m\libgcc.a(subsf3.o)
                              Dave/Generated/src/PWMSP003/PWMSP003.o (__aeabi_fsub)
c:/dave-3.1.10/arm-gcc/bin/../lib/gcc/arm-none-eabi/4.7.4/armv6-m\libgcc.a(fixsfsi.o)
                              c:/dave-3.1.10/arm-gcc/bin/../lib/gcc/arm-none-eabi/4.7.4/armv6-m\libgcc.a(_fixunssfsi.o) (__aeabi_f2iz)
c:/dave-3.1.10/arm-gcc/bin/../lib/gcc/arm-none-eabi/4.7.4/armv6-m\libgcc.a(floatunsisf.o)
                              Dave/Generated/src/PWMSP003/PWMSP003.o (__aeabi_ui2f)
c:/dave-3.1.10/arm-gcc/bin/../lib/gcc/arm-none-eabi/4.7.4/armv6-m\libgcc.a(_clzsi2.o)
                              c:/dave-3.1.10/arm-gcc/bin/../lib/gcc/arm-none-eabi/4.7.4/armv6-m\libgcc.a(addsf3.o) (__clzsi2)

Allocating common symbols
Common symbol       size              file

Lamphandle          0x1c              Main.o
flashBuffer         0x5c              Main.o
data1               0x2               i2c_comm.o
data2               0x2               i2c_comm.o
data4               0x2               i2c_comm.o
SystemCoreClock     0x4               Startup/system_XMC1200.o
DMX512RD01_buffer   0x18              Dave/Generated/src/DMX512RD01/DMX512RD01.o
data3               0x2               i2c_comm.o
data5               0x2               i2c_comm.o

Discarded input sections

 .group         0x00000000        0x8 Main.o
 .group         0x00000000        0x8 Main.o
 .group         0x00000000        0x8 Main.o
 .group         0x00000000        0x8 Main.o
 .group         0x00000000        0x8 Main.o
 .group         0x00000000        0x8 Main.o
 .group         0x00000000        0x8 Main.o
 .group         0x00000000        0x8 Main.o
 .group         0x00000000        0x8 Main.o
 .group         0x00000000        0x8 Main.o
 .group         0x00000000        0x8 Main.o
 .group         0x00000000        0x8 Main.o
 .group         0x00000000        0x8 Main.o
 .group         0x00000000        0x8 Main.o
 .group         0x00000000        0x8 Main.o
 .group         0x00000000        0x8 Main.o
 .group         0x00000000        0x8 Main.o
 .group         0x00000000        0x8 Main.o
 .group         0x00000000        0x8 Main.o
 .group         0x00000000        0x8 Main.o
 .group         0x00000000        0x8 Main.o
 .group         0x00000000        0x8 Main.o
 .group         0x00000000        0x8 Main.o
 .group         0x00000000        0x8 Main.o
 .group         0x00000000        0x8 Main.o
 .group         0x00000000        0x8 Main.o
 .group         0x00000000        0x8 Main.o
 .group         0x00000000        0x8 Main.o
 .group         0x00000000        0x8 Main.o
 .group         0x00000000        0x8 Main.o
 .text          0x00000000        0x0 Main.o
 .comment       0x00000000       0x71 Main.o
 .group         0x00000000        0x8 i2c_comm.o
 .group         0x00000000        0x8 i2c_comm.o
 .group         0x00000000        0x8 i2c_comm.o
 .group         0x00000000        0x8 i2c_comm.o
 .group         0x00000000        0x8 i2c_comm.o
[...]
Memory Configuration

Name             Origin             Length             Attributes
FLASH            0x10001000         0x00032000         xr
SRAM             0x20000000         0x00004000         !xr
*default*        0x00000000         0xffffffff

Linker script and memory map

LOAD Main.o
LOAD i2c_comm.o
LOAD Startup/startup_XMC1200.o
LOAD Startup/system_XMC1200.o
LOAD Lib/System_LibcStubs.o
LOAD Dave/Generated/src/PWMSP003/PWMSP003.o
LOAD Dave/Generated/src/PWMSP003/PWMSP003_Conf.o
LOAD Dave/Generated/src/NVIC002/NVIC002.o
LOAD Dave/Generated/src/NVIC002/NVIC002_Conf.o
LOAD Dave/Generated/src/IO004/IO004.o
LOAD Dave/Generated/src/IO004/IO004_Conf.o
LOAD Dave/Generated/src/IO002/IO002.o
LOAD Dave/Generated/src/IO002/IO002_Conf.o
LOAD Dave/Generated/src/IO001/IO001.o
LOAD Dave/Generated/src/IO001/IO001_Conf.o
LOAD Dave/Generated/src/I2C003/I2C003.o
LOAD Dave/Generated/src/I2C003/I2C003_Conf.o
LOAD Dave/Generated/src/FLASH003/FLASH003.o
LOAD Dave/Generated/src/FLASH003/FLASH003_Conf.o
LOAD Dave/Generated/src/DMX512RD01/DMX512RD01.o
LOAD Dave/Generated/src/DMX512RD01/DMX512RD01_Conf.o
LOAD Dave/Generated/src/DAVESupport/DAVE3.o
LOAD Dave/Generated/src/DAVESupport/MULTIPLEXER.o
LOAD Dave/Generated/src/COLORLAMP01/COLORLAMP01.o
LOAD Dave/Generated/src/COLORLAMP01/COLORLAMP01_Conf.o
LOAD Dave/Generated/src/CLK002/CLK002.o
LOAD Dave/Generated/src/CCU4GLOBAL/CCU4GLOBAL.o
LOAD Dave/Generated/src/CCU4GLOBAL/CCU4GLOBAL_Conf.o
LOAD Dave/Generated/src/BCCUGLOBAL/BCCUGLOBAL.o
LOAD Dave/Generated/src/BCCUGLOBAL/BCCUGLOBAL_Conf.o
LOAD Dave/Generated/src/BCCUDIM01/BCCUDIM01.o
LOAD Dave/Generated/src/BCCUDIM01/BCCUDIM01_Conf.o
LOAD Dave/Generated/src/BCCUCH01/BCCUCH01.o
LOAD Dave/Generated/src/BCCUCH01/BCCUCH01_Conf.o
LOAD Dave/Generated/src/ANACMPGLOB01/ANACMPGLOB01.o
LOAD Dave/Generated/src/ANACMPGLOB01/ANACMPGLOB01_Conf.o
LOAD Dave/Generated/src/ANACMP01/ANACMP01.o
LOAD Dave/Generated/src/ANACMP01/ANACMP01_Conf.o
START GROUP
LOAD c:/dave-3.1.10/arm-gcc/bin/../lib/gcc/arm-none-eabi/4.7.4/armv6-m\libgcc.a
LOAD c:/dave-3.1.10/arm-gcc/bin/../lib/gcc/arm-none-eabi/4.7.4/../../../../arm-none-eabi/lib/armv6-m\libg.a
LOAD c:/dave-3.1.10/arm-gcc/bin/../lib/gcc/arm-none-eabi/4.7.4/../../../../arm-none-eabi/lib/armv6-m\libc.a
END GROUP
                0x00000800                stack_size = 0x800

.text           0x10001000     0x30b8
                0x10001000                sText = .
 *(.Xmc1200.reset)
 .Xmc1200.reset
                0x10001000       0x2c Startup/startup_XMC1200.o
                0x10001000                __Xmc1200_interrupt_vector_cortex_m
                0x10001018                __Xmc1200_reset_cortex_m
 *(.Xmc1200.postreset)
 .Xmc1200.postreset
                0x1000102c       0x8c Startup/startup_XMC1200.o
 *(.XmcStartup)
 .XmcStartup    0x100010b8        0x8 Startup/startup_XMC1200.o
                0x100010b8                software_init_hook
                0x100010bc                hardware_init_hook
 *(.text .text.* .gnu.linkonce.t.*)
 .text.startup.main
                0x100010c0      0x258 Main.o
                0x100010c0                main
 .text.DMX512RD01_CallBack
                0x10001318       0x9c Main.o
                0x10001318                DMX512RD01_CallBack
 .text.USIC0_1_IRQHandler
                0x100013b4      0x6a4 i2c_comm.o
                0x100013b4                USIC0_1_IRQHandler
 .text.USIC0_2_IRQHandler
                0x10001a58      0x378 i2c_comm.o
                0x10001a58                USIC0_2_IRQHandler
 .text          0x10001dd0       0x3e Startup/startup_XMC1200.o
                0x10001dd0                NMI_Handler
                0x10001dd2                HardFault_Handler
                0x10001dd4                SVC_Handler
                0x10001dd6                PendSV_Handler
                0x10001dd8                SysTick_Handler
                0x10001dda                SCU_0_IRQHandler
                0x10001ddc                SCU_1_IRQHandler
                0x10001dde                SCU_2_IRQHandler
                0x10001de0                ERU0_0_IRQHandler
                0x10001de2                ERU0_1_IRQHandler
                0x10001de4                ERU0_2_IRQHandler
                0x10001de6                ERU0_3_IRQHandler
                0x10001de8                VADC0_C0_0_IRQHandler
                0x10001dea                VADC0_C0_1_IRQHandler
                0x10001dec                VADC0_G0_0_IRQHandler
                0x10001dee                VADC0_G0_1_IRQHandler
                0x10001df0                VADC0_G1_0_IRQHandler
                0x10001df2                VADC0_G1_1_IRQHandler
                0x10001df4                CCU40_0_IRQHandler
                0x10001df6                CCU40_1_IRQHandler
                0x10001df8                CCU40_2_IRQHandler
                0x10001dfa                CCU40_3_IRQHandler
                0x10001e02                USIC0_3_IRQHandler
                0x10001e04                USIC0_4_IRQHandler
                0x10001e06                USIC0_5_IRQHandler
                0x10001e08                LEDTS0_0_IRQHandler
                0x10001e0a                LEDTS1_0_IRQHandler
                0x10001e0c                BCCU0_0_IRQHandler
 *fill*         0x10001e0e        0x2 00
 .text.SystemCoreClockUpdate
                0x10001e10       0x38 Startup/system_XMC1200.o
                0x10001e10                SystemCoreClockUpdate
 .text.SystemInit
                0x10001e48        0x8 Startup/system_XMC1200.o
                0x10001e48                SystemInit
 .text.PWMSP003_lSetCompareEdgeAlign
                0x10001e50       0x1c Dave/Generated/src/PWMSP003/PWMSP003.o
                0x10001e50                PWMSP003_lSetCompareEdgeAlign
 .text.PWMSP003_lSetDutyEdgeAlign
                0x10001e6c       0x4c Dave/Generated/src/PWMSP003/PWMSP003.o
                0x10001e6c                PWMSP003_lSetDutyEdgeAlign
 .text.PWMSP003_lInit
                0x10001eb8      0x464 Dave/Generated/src/PWMSP003/PWMSP003.o
                0x10001eb8                PWMSP003_lInit
 .text.PWMSP003_Start
                0x1000231c       0x7c Dave/Generated/src/PWMSP003/PWMSP003.o
                0x1000231c                PWMSP003_Start
 .text.PWMSP003_Init
                0x10002398       0x2c Dave/Generated/src/PWMSP003/PWMSP003.o
                0x10002398                PWMSP003_Init
 .text.PWMSP003_UpdateCompare
                0x100023c4       0x40 Dave/Generated/src/PWMSP003/PWMSP003.o
                0x100023c4                PWMSP003_UpdateCompare
 .text.NVIC002_Init
                0x10002404       0x8c Dave/Generated/src/NVIC002/NVIC002.o
                0x10002404                NVIC002_Init
 .text.IO004_Init
                0x10002490       0x20 Dave/Generated/src/IO004/IO004.o
                0x10002490                IO004_Init
 .text.IO002_Init
                0x100024b0      0x134 Dave/Generated/src/IO002/IO002.o
                0x100024b0                IO002_Init
 .text.IO001_Init
                0x100025e4       0x84 Dave/Generated/src/IO001/IO001.o
                0x100025e4                IO001_Init
 .text.I2C003_lConfigPcrReg
                0x10002668       0x7a Dave/Generated/src/I2C003/I2C003.o
                0x10002668                I2C003_lConfigPcrReg
 *fill*         0x100026e2        0x2 00
 .text.I2C003_lInit
                0x100026e4       0xb8 Dave/Generated/src/I2C003/I2C003.o
                0x100026e4                I2C003_lInit
 .text.I2C003_lConfigSCLPin
                0x1000279c       0x74 Dave/Generated/src/I2C003/I2C003.o
                0x1000279c                I2C003_lConfigSCLPin
 .text.I2C003_lConfigSDAPin
                0x10002810       0x74 Dave/Generated/src/I2C003/I2C003.o
                0x10002810                I2C003_lConfigSDAPin
 .text.I2C003_Init
                0x10002884       0x4c Dave/Generated/src/I2C003/I2C003.o
                0x10002884                I2C003_Init
 .text.I2C003_WriteData
                0x100028d0       0x46 Dave/Generated/src/I2C003/I2C003.o
                0x100028d0                I2C003_WriteData
 .text.I2C003_ReadData
                0x10002916       0x20 Dave/Generated/src/I2C003/I2C003.o
                0x10002916                I2C003_ReadData
 .text.I2C003_ClearFlag
                0x10002936       0x2e Dave/Generated/src/I2C003/I2C003.o
                0x10002936                I2C003_ClearFlag
 .text.FLASH003_Init
                0x10002964       0x24 Dave/Generated/src/FLASH003/FLASH003.o
                0x10002964                FLASH003_Init
 .text.FLASH003_ClearStatus
                0x10002988       0x20 Dave/Generated/src/FLASH003/FLASH003.o
                0x10002988                FLASH003_ClearStatus
 .text.FLASH003_lWriteBlock
                0x100029a8       0x4c Dave/Generated/src/FLASH003/FLASH003.o
                0x100029a8                FLASH003_lWriteBlock
 .text.FLASH003_WriteMultipleBlocks
                0x100029f4       0x74 Dave/Generated/src/FLASH003/FLASH003.o
                0x100029f4                FLASH003_WriteMultipleBlocks
 .text.FLASH003_ErasePage
                0x10002a68       0x50 Dave/Generated/src/FLASH003/FLASH003.o
                0x10002a68                FLASH003_ErasePage
 .text.FLASH003_ReadBytes
                0x10002ab8       0x70 Dave/Generated/src/FLASH003/FLASH003.o
                0x10002ab8                FLASH003_ReadBytes
 .text.USIC0_0_IRQHandler
                0x10002b28       0x90 Dave/Generated/src/DMX512RD01/DMX512RD01.o
                0x10002b28                USIC0_0_IRQHandler
 .text.DMX512RD01_ConfigStartSlotNo
                0x10002bb8       0x28 Dave/Generated/src/DMX512RD01/DMX512RD01.o
                0x10002bb8                DMX512RD01_ConfigStartSlotNo
 .text.DMX512RD01_Init
                0x10002be0       0x98 Dave/Generated/src/DMX512RD01/DMX512RD01.o
                0x10002be0                DMX512RD01_Init
 .text.DAVE_Init
                0x10002c78       0x4c Dave/Generated/src/DAVESupport/DAVE3.o
                0x10002c78                DAVE_Init
 .text.DAVE_MUX_Init
                0x10002cc4      0x23c Dave/Generated/src/DAVESupport/MULTIPLEXER.o
                0x10002cc4                DAVE_MUX_Init
 .text.DAVE_MUX_PreInit
                0x10002f00       0x10 Dave/Generated/src/DAVESupport/MULTIPLEXER.o
                0x10002f00                DAVE_MUX_PreInit
 .text.COLORLAMP01_Init
                0x10002f10        0x2 Dave/Generated/src/COLORLAMP01/COLORLAMP01.o
                0x10002f10                COLORLAMP01_Init
 .text.COLORLAMP01_SetColor
                0x10002f12       0x88 Dave/Generated/src/COLORLAMP01/COLORLAMP01.o
                0x10002f12                COLORLAMP01_SetColor
 *fill*         0x10002f9a        0x2 00
 .text.CLK002_Init
                0x10002f9c       0xd8 Dave/Generated/src/CLK002/CLK002.o
                0x10002f9c                CLK002_Init
 .text.CCU4GLOBAL_Init
                0x10003074       0x6c Dave/Generated/src/CCU4GLOBAL/CCU4GLOBAL.o
                0x10003074                CCU4GLOBAL_Init
 .text.GET_CHANNEL_DIM_MASK
                0x100030e0        0x8 Dave/Generated/src/BCCUGLOBAL/BCCUGLOBAL.o
                0x100030e0                GET_CHANNEL_DIM_MASK
 .text.BCCUGLOBAL_Init
                0x100030e8       0x74 Dave/Generated/src/BCCUGLOBAL/BCCUGLOBAL.o
                0x100030e8                BCCUGLOBAL_Init
 .text.BCCUDIM01_lGUIInit
                0x1000315c       0x48 Dave/Generated/src/BCCUDIM01/BCCUDIM01.o
                0x1000315c                BCCUDIM01_lGUIInit
 .text.BCCUDIM01_Init
                0x100031a4       0x10 Dave/Generated/src/BCCUDIM01/BCCUDIM01.o
                0x100031a4                BCCUDIM01_Init
 .text.BCCUDIM01_StartDimming
                0x100031b4        0xa Dave/Generated/src/BCCUDIM01/BCCUDIM01.o
                0x100031b4                BCCUDIM01_StartDimming
 .text.BCCUDIM01_AbortDimming
                0x100031be        0xc Dave/Generated/src/BCCUDIM01/BCCUDIM01.o
                0x100031be                BCCUDIM01_AbortDimming
 .text.BCCUDIM01_SetDimLvl
                0x100031ca       0x12 Dave/Generated/src/BCCUDIM01/BCCUDIM01.o
                0x100031ca                BCCUDIM01_SetDimLvl
 .text.BCCUDIM01_GetDimLvl
                0x100031dc        0xa Dave/Generated/src/BCCUDIM01/BCCUDIM01.o
                0x100031dc                BCCUDIM01_GetDimLvl
 .text.BCCUDIM01_SetDimDiv
                0x100031e6       0x12 Dave/Generated/src/BCCUDIM01/BCCUDIM01.o
                0x100031e6                BCCUDIM01_SetDimDiv
 .text.BCCUDIM01_GetDimDiv
                0x100031f8        0xa Dave/Generated/src/BCCUDIM01/BCCUDIM01.o
                0x100031f8                BCCUDIM01_GetDimDiv
 *fill*         0x10003202        0x2 00
 .text.BCCUCH01_Init
                0x10003204       0xf4 Dave/Generated/src/BCCUCH01/BCCUCH01.o
                0x10003204                BCCUCH01_Init
 .text.BCCUCH01_StartLinearWalk
                0x100032f8        0xa Dave/Generated/src/BCCUCH01/BCCUCH01.o
                0x100032f8                BCCUCH01_StartLinearWalk
 .text.BCCUCH01_AbortLinearWalk
                0x10003302        0xc Dave/Generated/src/BCCUCH01/BCCUCH01.o
                0x10003302                BCCUCH01_AbortLinearWalk
 .text.BCCUCH01_SetIntensity
                0x1000330e        0x6 Dave/Generated/src/BCCUCH01/BCCUCH01.o
                0x1000330e                BCCUCH01_SetIntensity
 .text.BCCUCH01_GetIntensity
                0x10003314        0x6 Dave/Generated/src/BCCUCH01/BCCUCH01.o
                0x10003314                BCCUCH01_GetIntensity
 *fill*         0x1000331a        0x2 00
 .text.BCCUCH01_SetLinearWalkPrescaler
                0x1000331c       0x1c Dave/Generated/src/BCCUCH01/BCCUCH01.o
                0x1000331c                BCCUCH01_SetLinearWalkPrescaler
 .text.ANACMPGLOB01_Init
                0x10003338       0x24 Dave/Generated/src/ANACMPGLOB01/ANACMPGLOB01.o
                0x10003338                ANACMPGLOB01_Init
 .text.ANACMP01_lInit
                0x1000335c       0xd8 Dave/Generated/src/ANACMP01/ANACMP01.o
                0x1000335c                ANACMP01_lInit
 .text.ANACMP01_Init
                0x10003434       0x24 Dave/Generated/src/ANACMP01/ANACMP01.o
                0x10003434                ANACMP01_Init
 .text          0x10003458       0x9c c:/dave-3.1.10/arm-gcc/bin/../lib/gcc/arm-none-eabi/4.7.4/armv6-m\libgcc.a(_udivsi3.o)
                0x10003458                __aeabi_uidiv
                0x10003458                __udivsi3
                0x100034e0                __aeabi_uidivmod
 .text          0x100034f4        0x4 c:/dave-3.1.10/arm-gcc/bin/../lib/gcc/arm-none-eabi/4.7.4/armv6-m\libgcc.a(_dvmd_tls.o)
                0x100034f4                __aeabi_idiv0
                0x100034f4                __aeabi_ldiv0
 .text          0x100034f8       0x74 c:/dave-3.1.10/arm-gcc/bin/../lib/gcc/arm-none-eabi/4.7.4/armv6-m\libgcc.a(_arm_cmpsf2.o)
                0x100034f8                __aeabi_cfrcmple
                0x10003500                __aeabi_cfcmpeq
                0x10003500                __aeabi_cfcmple
                0x10003510                __aeabi_fcmpeq
                0x1000351c                __aeabi_fcmplt
                0x10003530                __aeabi_fcmple
                0x10003544                __aeabi_fcmpgt
                0x10003558                __aeabi_fcmpge
 .text          0x1000356c       0x30 c:/dave-3.1.10/arm-gcc/bin/../lib/gcc/arm-none-eabi/4.7.4/armv6-m\libgcc.a(_fixunssfsi.o)
                0x1000356c                __fixunssfsi
                0x1000356c                __aeabi_f2uiz
 .text          0x1000359c      0x274 c:/dave-3.1.10/arm-gcc/bin/../lib/gcc/arm-none-eabi/4.7.4/armv6-m\libgcc.a(divsf3.o)
                0x1000359c                __aeabi_fdiv
 .text          0x10003810       0x50 c:/dave-3.1.10/arm-gcc/bin/../lib/gcc/arm-none-eabi/4.7.4/armv6-m\libgcc.a(eqsf2.o)
                0x10003810                __eqsf2
                0x10003810                __nesf2
 .text          0x10003860       0x90 c:/dave-3.1.10/arm-gcc/bin/../lib/gcc/arm-none-eabi/4.7.4/armv6-m\libgcc.a(gesf2.o)
                0x10003860                __gesf2
                0x10003860                __gtsf2
 .text          0x100038f0       0x90 c:/dave-3.1.10/arm-gcc/bin/../lib/gcc/arm-none-eabi/4.7.4/armv6-m\libgcc.a(lesf2.o)
                0x100038f0                __ltsf2
                0x100038f0                __lesf2
 .text          0x10003980      0x260 c:/dave-3.1.10/arm-gcc/bin/../lib/gcc/arm-none-eabi/4.7.4/armv6-m\libgcc.a(mulsf3.o)
                0x10003980                __aeabi_fmul
 .text          0x10003be0      0x3b4 c:/dave-3.1.10/arm-gcc/bin/../lib/gcc/arm-none-eabi/4.7.4/armv6-m\libgcc.a(subsf3.o)
                0x10003be0                __aeabi_fsub
 .text          0x10003f94       0x40 c:/dave-3.1.10/arm-gcc/bin/../lib/gcc/arm-none-eabi/4.7.4/armv6-m\libgcc.a(fixsfsi.o)
                0x10003f94                __aeabi_f2iz
 .text          0x10003fd4       0xa8 c:/dave-3.1.10/arm-gcc/bin/../lib/gcc/arm-none-eabi/4.7.4/armv6-m\libgcc.a(floatunsisf.o)
                0x10003fd4                __aeabi_ui2f
 .text          0x1000407c       0x3c c:/dave-3.1.10/arm-gcc/bin/../lib/gcc/arm-none-eabi/4.7.4/armv6-m\libgcc.a(_clzsi2.o)
                0x1000407c                __clzsi2
 *(.glue*)
 .glue_7        0x00000000        0x0 linker stubs
 .glue_7t       0x00000000        0x0 linker stubs
 *(.v4*)
 .v4_bx         0x00000000        0x0 linker stubs
 *(.vfp11_veneer)
 .vfp11_veneer  0x00000000        0x0 linker stubs
 *(.init)
                0x100040b8                __preinit_array_start = .
 *(.preinit_array)
                0x100040b8                __preinit_array_end = .
                0x100040b8                __init_array_start = .
 *(SORT(.init_array.*))
 *(.init_array)
                0x100040b8                __init_array_end = .
 *crtbegin.o(.ctors)
 *(EXCLUDE_FILE(*crtend.o) .ctors)
 *(SORT(.ctors.*))
 *crtend.o(.ctors)
 *(.fini)
                0x100040b8                __fini_array_start = .
 *(.fini_array)
 *(SORT(.fini_array.*))
                0x100040b8                __fini_array_end = .
 *crtbegin.o(.dtors)
 *(EXCLUDE_FILE(*crtend.o) .dtors)
 *(SORT(.dtors.*))
 *crtend.o(.dtors)
                0x100040b8                __extab_start = .
 *(.ARM.extab* .gnu.linkonce.armextab.*)
                0x100040b8                . = ALIGN (0x4)
                0x100040b8                __extab_end = ABSOLUTE (.)

.iplt           0x100040b8        0x0
 .iplt          0x00000000        0x0 Main.o

.ARM.exidx      0x100040b8       0x10
                0x100040b8                __exidx_start = .
 *(.ARM.exidx* .gnu.linkonce.armexidx.*)
 .ARM.exidx.Xmc1200.reset
                0x100040b8        0x8 Startup/startup_XMC1200.o
 .ARM.exidx.Xmc1200.postreset
                0x100040c0        0x8 Startup/startup_XMC1200.o
                0x100040c8                . = ALIGN (0x4)
                0x100040c8                __exidx_end = ABSOLUTE (.)

.rodata         0x100040c8      0x6d4
 *(.rodata .rodata.*)
 .rodata        0x100040c8      0x138 Dave/Generated/src/PWMSP003/PWMSP003_Conf.o
                0x100040c8                PWMSP003_Handle2
                0x10004130                PWMSP003_Handle1
                0x10004198                PWMSP003_Handle0
 .rodata        0x10004200        0xc Dave/Generated/src/NVIC002/NVIC002_Conf.o
                0x10004200                NVIC002_Handle2
                0x10004204                NVIC002_Handle1
                0x10004208                NVIC002_Handle0
 .rodata        0x1000420c       0x10 Dave/Generated/src/IO004/IO004_Conf.o
                0x1000420c                IO004_Handle1
                0x10004214                IO004_Handle0
 .rodata        0x1000421c      0x214 Dave/Generated/src/IO002/IO002_Conf.o
                0x1000421c                IO002_Handle6
                0x10004268                IO002_Handle5
                0x100042b4                IO002_Handle4
                0x10004300                IO002_Handle3
                0x1000434c                IO002_Handle2
                0x10004398                IO002_Handle1
                0x100043e4                IO002_Handle0
 .rodata        0x10004430       0x30 Dave/Generated/src/IO001/IO001_Conf.o
                0x10004430                IO001_Handle5
                0x10004438                IO001_Handle4
                0x10004440                IO001_Handle3
                0x10004448                IO001_Handle2
                0x10004450                IO001_Handle1
                0x10004458                IO001_Handle0
 .rodata        0x10004460       0x2c Dave/Generated/src/I2C003/I2C003_Conf.o
                0x10004460                I2C003_Handle0
 .rodata        0x1000448c       0x10 Dave/Generated/src/FLASH003/FLASH003_Conf.o
                0x1000448c                FLASH003_Handle0
 .rodata        0x1000449c        0xc Dave/Generated/src/DMX512RD01/DMX512RD01_Conf.o
                0x1000449c                DMX512RD01_Handle0
 .rodata        0x100044a8       0x24 Dave/Generated/src/COLORLAMP01/COLORLAMP01_Conf.o
                0x100044a8                COLORLAMP01_ConfigHandle0
 .rodata        0x100044cc        0xc Dave/Generated/src/CCU4GLOBAL/CCU4GLOBAL_Conf.o
                0x100044cc                CCU4Global_Handle0
 .rodata        0x100044d8       0x14 Dave/Generated/src/BCCUGLOBAL/BCCUGLOBAL_Conf.o
                0x100044d8                BCCUGlobal_Handle0
 .rodata        0x100044ec       0x18 Dave/Generated/src/BCCUDIM01/BCCUDIM01_Conf.o
                0x100044ec                BCCUDIM01_Handle0
 .rodata        0x10004504      0x1f8 Dave/Generated/src/BCCUCH01/BCCUCH01_Conf.o
                0x10004504                BCCUCH01_Handle5
                0x10004558                BCCUCH01_Handle4
                0x100045ac                BCCUCH01_Handle3
                0x10004600                BCCUCH01_Handle2
                0x10004654                BCCUCH01_Handle1
                0x100046a8                BCCUCH01_Handle0
 .rodata        0x100046fc        0x8 Dave/Generated/src/ANACMPGLOB01/ANACMPGLOB01_Conf.o
                0x100046fc                ANACMPGLOB01_Handle0
 .rodata        0x10004704       0x18 Dave/Generated/src/ANACMP01/ANACMP01_Conf.o
                0x10004704                ANACMP01_Handle2
                0x1000470c                ANACMP01_Handle1
                0x10004714                ANACMP01_Handle0
 .rodata        0x1000471c       0x40 c:/dave-3.1.10/arm-gcc/bin/../lib/gcc/arm-none-eabi/4.7.4/armv6-m\libgcc.a(divsf3.o)
 .rodata        0x1000475c       0x40 c:/dave-3.1.10/arm-gcc/bin/../lib/gcc/arm-none-eabi/4.7.4/armv6-m\libgcc.a(mulsf3.o)
 *(.gnu.linkonce.r*)
                0x100047a0                . = ALIGN (0x10)
                0x100047a0                eROData = .
                0x100047a0                VeneerLoadAddr = ABSOLUTE (eROData)

.VENEER_Code    0x2000000c      0x12c load address 0x100047a0
                0x2000000c                VeneerStart = .
 *(.XmcVeneerCode)
 .XmcVeneerCode
                0x2000000c      0x12c Startup/startup_XMC1200.o
                0x2000000c                HardFault_Veneer
                0x2000002c                SVC_Veneer
                0x20000038                PendSV_Veneer
                0x2000003c                SysTick_Veneer
                0x20000040                SCU_0_Veneer
                0x20000044                SCU_1_Veneer
                0x20000048                SCU_2_Veneer
                0x2000004c                SCU_3_Veneer
                0x20000050                SCU_4_Veneer
                0x20000054                SCU_5_Veneer
                0x20000058                SCU_6_Veneer
                0x20000064                USIC0_0_Veneer
                0x20000068                USIC0_1_Veneer
                0x2000006c                USIC0_2_Veneer
                0x20000070                USIC0_3_Veneer
                0x20000074                USIC0_4_Veneer
                0x20000078                USIC0_5_Veneer
                0x2000007c                VADC0_C0_0_Veneer
                0x20000080                VADC0_C0_1_Veneer
                0x20000084                VADC0_G0_0_Veneer
                0x20000088                VADC0_G0_1_Veneer
                0x2000008c                VADC0_G1_0_Veneer
                0x20000090                VADC0_G1_1_Veneer
                0x20000094                CCU40_0_Veneer
                0x20000098                CCU40_1_Veneer
                0x2000009c                CCU40_2_Veneer
                0x200000a0                CCU40_3_Veneer
                0x200000b4                LEDTS0_0_Veneer
                0x200000b8                LEDTS1_0_Veneer
                0x200000bc                BCCU0_0_Veneer
                0x20000138                . = ALIGN (0x4)
                0x20000138                VeneerEnd = .
                0x0000012c                VeneerSize = (ABSOLUTE (VeneerEnd) - ABSOLUTE (VeneerStart))

.rel.dyn        0x20000138        0x0 load address 0x100048cc
 .rel.iplt      0x00000000        0x0 Main.o

.GUARD_Band     0x20000138        0x8 load address 0x00000000
                0x2000013b                . = (. + 0x3)
 *fill*         0x20000138        0x3 00
                0x20000140                . = ALIGN (0x10)
 *fill*         0x2000013b        0x5 00
                0x20000140                Guard_Band_End = .

Stack           0x20000140      0x800 load address 0x00000000
                0x20000940                . = (. + stack_size)
 *fill*         0x20000140      0x800 00
                0x20000940                __Xmc1200_stack = .

.bss            0x20000940       0xec
                0x20000940                __Xmc1200_sBSS = .
 *(.bss)
 .bss           0x20000940       0x3c Main.o
                0x20000940                DMX_16
                0x20000944                dmx_RedH
                0x20000946                dmx_GreenH
                0x20000948                dmx_BlueH
                0x2000094a                dmx_RedL
                0x2000094c                dmx_GreenL
                0x2000094e                dmx_BlueL
                0x20000950                writeToFlash
                0x20000954                byteCount
                0x20000958                testflash
                0x2000095c                testflashadd
                0x20000960                temp
                0x20000964                dimLevel
                0x20000968                changeAddress
                0x2000096c                DataDirect
                0x20000970                registerAddress
                0x20000974                DataTotal
                0x20000976                DataLower
                0x20000977                DataUpper
                0x20000978                Command
 .bss           0x2000097c        0x3 Dave/Generated/src/PWMSP003/PWMSP003_Conf.o
                0x2000097c                PWMSP003_DynamicData2
                0x2000097d                PWMSP003_DynamicData1
                0x2000097e                PWMSP003_DynamicData0
 *fill*         0x2000097f        0x1 00
 .bss           0x20000980        0x8 Dave/Generated/src/DMX512RD01/DMX512RD01.o
                0x20000980                ReadByte
 .bss           0x20000988        0x4 Dave/Generated/src/CCU4GLOBAL/CCU4GLOBAL.o
 *(.bss*)
 *(COMMON)
 COMMON         0x2000098c       0x78 Main.o
                0x2000098c                Lamphandle
                0x200009a8                flashBuffer
 COMMON         0x20000a04        0xa i2c_comm.o
                0x20000a04                data1
                0x20000a06                data2
                0x20000a08                data4
                0x20000a0a                data3
                0x20000a0c                data5
 *fill*         0x20000a0e        0x2 00
 COMMON         0x20000a10        0x4 Startup/system_XMC1200.o
                0x20000a10                SystemCoreClock
 COMMON         0x20000a14       0x18 Dave/Generated/src/DMX512RD01/DMX512RD01.o
                0x20000a14                DMX512RD01_buffer
 *(.gnu.linkonce.b*)
                0x20000a2c                __Xmc1200_eBSS = ALIGN (0x4)
                0x000000ec                __Xmc1200_BSS_Size = (__Xmc1200_eBSS - __Xmc1200_sBSS)
                0x100048cc                DataLoadAddr = (eROData + VeneerSize)

.data           0x20000a30       0x74 load address 0x100048cc
                0x20000a30                __Xmc1200_sData = .
 *(.data)
 .data          0x20000a30       0x14 Main.o
                0x20000a30                configStatus
                0x20000a34                DMXControl
                0x20000a38                startingSlot
                0x20000a3c                DMX_8
                0x20000a40                flashAddress
 .data          0x20000a44        0xc Dave/Generated/src/PWMSP003/PWMSP003_Conf.o
                0x20000a44                PWMSP003_HandleArr
 .data          0x20000a50        0xc Dave/Generated/src/NVIC002/NVIC002_Conf.o
                0x20000a50                NVIC002_HandleArray
 .data          0x20000a5c       0x1c Dave/Generated/src/IO002/IO002_Conf.o
                0x20000a5c                IO002_HandleArr
 .data          0x20000a78        0x4 Dave/Generated/src/I2C003/I2C003_Conf.o
                0x20000a78                I2C003_HandleArray
 .data          0x20000a7c        0x8 Dave/Generated/src/DMX512RD01/DMX512RD01.o
 .data          0x20000a84        0x4 Dave/Generated/src/CCU4GLOBAL/CCU4GLOBAL_Conf.o
                0x20000a84                CCU4Global_HandleArray
 .data          0x20000a88        0x4 Dave/Generated/src/BCCUDIM01/BCCUDIM01_Conf.o
                0x20000a88                BCCUDIM01_HandleArr
 .data          0x20000a8c       0x18 Dave/Generated/src/BCCUCH01/BCCUCH01_Conf.o
                0x20000a8c                BCCUCH01_HandleArr
 *(.data*)
 *(*.data)
 *(.gnu.linkonce.d*)
                0x20000aa4                __Xmc1200_eData = ALIGN (0x4)
                0x00000074                __Xmc1200_Data_Size = (__Xmc1200_eData - __Xmc1200_sData)
                0x20000aa8                __Xmc1200_heap_start = ALIGN (0x8)
                0x20004000                __Xmc1200_heap_end = (ORIGIN (SRAM) + 0x4000)
                0x20000aa8                Heap_Bank1_Start = __Xmc1200_heap_start
                0x00003558                Heap_Bank1_Size = (__Xmc1200_heap_end - __Xmc1200_heap_start)

.igot.plt       0x20000aa4        0x0 load address 0x10004940
 .igot.plt      0x00000000        0x0 Main.o

/DISCARD/
 *(.comment)

.stab
 *(.stab)

.stabstr
 *(.stabstr)

.debug
 *(.debug)

.line
 *(.line)

.debug_srcinfo
 *(.debug_srcinfo)

.debug_sfnames
 *(.debug_sfnames)

.debug_aranges  0x00000000      0x800
 *(.debug_aranges)
 .debug_aranges
                0x00000000       0x28 Main.o
 .debug_aranges
                0x00000028       0x28 i2c_comm.o
 .debug_aranges
                0x00000050       0x40 Startup/startup_XMC1200.o
 .debug_aranges
                0x00000090       0x28 Startup/system_XMC1200.o
 .debug_aranges
                0x000000b8      0x108 Dave/Generated/src/PWMSP003/PWMSP003.o
 .debug_aranges
                0x000001c0       0x18 Dave/Generated/src/PWMSP003/PWMSP003_Conf.o
 .debug_aranges
                0x000001d8       0x20 Dave/Generated/src/NVIC002/NVIC002.o
 .debug_aranges
                0x000001f8       0x18 Dave/Generated/src/NVIC002/NVIC002_Conf.o
 .debug_aranges
                0x00000210       0x30 Dave/Generated/src/IO004/IO004.o
 .debug_aranges
                0x00000240       0x18 Dave/Generated/src/IO004/IO004_Conf.o
 .debug_aranges
                0x00000258       0x58 Dave/Generated/src/IO002/IO002.o
 .debug_aranges
                0x000002b0       0x18 Dave/Generated/src/IO002/IO002_Conf.o
 .debug_aranges
                0x000002c8       0x30 Dave/Generated/src/IO001/IO001.o
 .debug_aranges
                0x000002f8       0x18 Dave/Generated/src/IO001/IO001_Conf.o
 .debug_aranges
                0x00000310       0x78 Dave/Generated/src/I2C003/I2C003.o
 .debug_aranges
                0x00000388       0x18 Dave/Generated/src/I2C003/I2C003_Conf.o
 .debug_aranges
                0x000003a0       0x70 Dave/Generated/src/FLASH003/FLASH003.o
 .debug_aranges
                0x00000410       0x18 Dave/Generated/src/FLASH003/FLASH003_Conf.o
 .debug_aranges
                0x00000428       0x30 Dave/Generated/src/DMX512RD01/DMX512RD01.o
 .debug_aranges
                0x00000458       0x18 Dave/Generated/src/DMX512RD01/DMX512RD01_Conf.o
 .debug_aranges
                0x00000470       0x20 Dave/Generated/src/DAVESupport/DAVE3.o
 .debug_aranges
                0x00000490       0x28 Dave/Generated/src/DAVESupport/MULTIPLEXER.o
 .debug_aranges
                0x000004b8       0x50 Dave/Generated/src/COLORLAMP01/COLORLAMP01.o
 .debug_aranges
                0x00000508       0x18 Dave/Generated/src/COLORLAMP01/COLORLAMP01_Conf.o
 .debug_aranges
                0x00000520       0x28 Dave/Generated/src/CLK002/CLK002.o
 .debug_aranges
                0x00000548       0x20 Dave/Generated/src/CCU4GLOBAL/CCU4GLOBAL.o
 .debug_aranges
                0x00000568       0x18 Dave/Generated/src/CCU4GLOBAL/CCU4GLOBAL_Conf.o
 .debug_aranges
                0x00000580       0x88 Dave/Generated/src/BCCUGLOBAL/BCCUGLOBAL.o
 .debug_aranges
                0x00000608       0x18 Dave/Generated/src/BCCUGLOBAL/BCCUGLOBAL_Conf.o
 .debug_aranges
                0x00000620       0x98 Dave/Generated/src/BCCUDIM01/BCCUDIM01.o
 .debug_aranges
                0x000006b8       0x18 Dave/Generated/src/BCCUDIM01/BCCUDIM01_Conf.o
 .debug_aranges
                0x000006d0       0x98 Dave/Generated/src/BCCUCH01/BCCUCH01.o
 .debug_aranges
                0x00000768       0x18 Dave/Generated/src/BCCUCH01/BCCUCH01_Conf.o
 .debug_aranges
                0x00000780       0x20 Dave/Generated/src/ANACMPGLOB01/ANACMPGLOB01.o
 .debug_aranges
                0x000007a0       0x18 Dave/Generated/src/ANACMPGLOB01/ANACMPGLOB01_Conf.o
 .debug_aranges
                0x000007b8       0x30 Dave/Generated/src/ANACMP01/ANACMP01.o
 .debug_aranges
                0x000007e8       0x18 Dave/Generated/src/ANACMP01/ANACMP01_Conf.o

.debug_pubnames
 *(.debug_pubnames)

.debug_pubtypes
 *(.debug_pubtypes)

.debug_info     0x00000000    0x10e9d
 *(.debug_info .gnu.linkonce.wi.*)
 .debug_info    0x00000000     0x1fea Main.o
 .debug_info    0x00001fea     0x240c i2c_comm.o
 .debug_info    0x000043f6       0x81 Startup/startup_XMC1200.o
 .debug_info    0x00004477      0x16f Startup/system_XMC1200.o
 .debug_info    0x000045e6     0x166a Dave/Generated/src/PWMSP003/PWMSP003.o
 .debug_info    0x00005c50      0xac9 Dave/Generated/src/PWMSP003/PWMSP003_Conf.o
 .debug_info    0x00006719      0x4c6 Dave/Generated/src/NVIC002/NVIC002.o
 .debug_info    0x00006bdf      0x12d Dave/Generated/src/NVIC002/NVIC002_Conf.o
 .debug_info    0x00006d0c      0x393 Dave/Generated/src/IO004/IO004.o
 .debug_info    0x0000709f      0x285 Dave/Generated/src/IO004/IO004_Conf.o
 .debug_info    0x00007324      0x68f Dave/Generated/src/IO002/IO002.o
 .debug_info    0x000079b3      0x3e9 Dave/Generated/src/IO002/IO002_Conf.o
 .debug_info    0x00007d9c      0x384 Dave/Generated/src/IO001/IO001.o
 .debug_info    0x00008120      0x2cd Dave/Generated/src/IO001/IO001_Conf.o
 .debug_info    0x000083ed      0xd89 Dave/Generated/src/I2C003/I2C003.o
 .debug_info    0x00009176      0x712 Dave/Generated/src/I2C003/I2C003_Conf.o
 .debug_info    0x00009888      0x917 Dave/Generated/src/FLASH003/FLASH003.o
 .debug_info    0x0000a19f      0x292 Dave/Generated/src/FLASH003/FLASH003_Conf.o
 .debug_info    0x0000a431      0x9ba Dave/Generated/src/DMX512RD01/DMX512RD01.o
 .debug_info    0x0000adeb      0x6f6 Dave/Generated/src/DMX512RD01/DMX512RD01_Conf.o
 .debug_info    0x0000b4e1      0x1f8 Dave/Generated/src/DAVESupport/DAVE3.o
 .debug_info    0x0000b6d9      0xa43 Dave/Generated/src/DAVESupport/MULTIPLEXER.o
 .debug_info    0x0000c11c      0xca5 Dave/Generated/src/COLORLAMP01/COLORLAMP01.o
 .debug_info    0x0000cdc1      0x8dd Dave/Generated/src/COLORLAMP01/COLORLAMP01_Conf.o
 .debug_info    0x0000d69e      0x3b1 Dave/Generated/src/CLK002/CLK002.o
 .debug_info    0x0000da4f      0x3f2 Dave/Generated/src/CCU4GLOBAL/CCU4GLOBAL.o
 .debug_info    0x0000de41      0x1da Dave/Generated/src/CCU4GLOBAL/CCU4GLOBAL_Conf.o
 .debug_info    0x0000e01b      0x83a Dave/Generated/src/BCCUGLOBAL/BCCUGLOBAL.o
 .debug_info    0x0000e855      0x30f Dave/Generated/src/BCCUGLOBAL/BCCUGLOBAL_Conf.o
 .debug_info    0x0000eb64      0x678 Dave/Generated/src/BCCUDIM01/BCCUDIM01.o
 .debug_info    0x0000f1dc      0x31b Dave/Generated/src/BCCUDIM01/BCCUDIM01_Conf.o
 .debug_info    0x0000f4f7      0xb7f Dave/Generated/src/BCCUCH01/BCCUCH01.o
 .debug_info    0x00010076      0x57d Dave/Generated/src/BCCUCH01/BCCUCH01_Conf.o
 .debug_info    0x000105f3      0x1d7 Dave/Generated/src/ANACMPGLOB01/ANACMPGLOB01.o
 .debug_info    0x000107ca      0x1c5 Dave/Generated/src/ANACMPGLOB01/ANACMPGLOB01_Conf.o
 .debug_info    0x0001098f      0x2df Dave/Generated/src/ANACMP01/ANACMP01.o
 .debug_info    0x00010c6e      0x22f Dave/Generated/src/ANACMP01/ANACMP01_Conf.o

.debug_abbrev   0x00000000     0x2ef6
 *(.debug_abbrev)
 .debug_abbrev  0x00000000      0x262 Main.o
 .debug_abbrev  0x00000262      0x273 i2c_comm.o
 .debug_abbrev  0x000004d5       0x12 Startup/startup_XMC1200.o
 .debug_abbrev  0x000004e7       0xd2 Startup/system_XMC1200.o
 .debug_abbrev  0x000005b9      0x235 Dave/Generated/src/PWMSP003/PWMSP003.o
 .debug_abbrev  0x000007ee      0x104 Dave/Generated/src/PWMSP003/PWMSP003_Conf.o
 .debug_abbrev  0x000008f2      0x18d Dave/Generated/src/NVIC002/NVIC002.o
 .debug_abbrev  0x00000a7f       0x87 Dave/Generated/src/NVIC002/NVIC002_Conf.o
 .debug_abbrev  0x00000b06      0x118 Dave/Generated/src/IO004/IO004.o
 .debug_abbrev  0x00000c1e       0xaa Dave/Generated/src/IO004/IO004_Conf.o
 .debug_abbrev  0x00000cc8      0x203 Dave/Generated/src/IO002/IO002.o
 .debug_abbrev  0x00000ecb       0xaa Dave/Generated/src/IO002/IO002_Conf.o
 .debug_abbrev  0x00000f75      0x132 Dave/Generated/src/IO001/IO001.o
 .debug_abbrev  0x000010a7       0xaa Dave/Generated/src/IO001/IO001_Conf.o
 .debug_abbrev  0x00001151      0x268 Dave/Generated/src/I2C003/I2C003.o
 .debug_abbrev  0x000013b9      0x121 Dave/Generated/src/I2C003/I2C003_Conf.o
 .debug_abbrev  0x000014da      0x203 Dave/Generated/src/FLASH003/FLASH003.o
 .debug_abbrev  0x000016dd       0xdf Dave/Generated/src/FLASH003/FLASH003_Conf.o
 .debug_abbrev  0x000017bc      0x1ad Dave/Generated/src/DMX512RD01/DMX512RD01.o
 .debug_abbrev  0x00001969      0x101 Dave/Generated/src/DMX512RD01/DMX512RD01_Conf.o
 .debug_abbrev  0x00001a6a       0x76 Dave/Generated/src/DAVESupport/DAVE3.o
 .debug_abbrev  0x00001ae0      0x110 Dave/Generated/src/DAVESupport/MULTIPLEXER.o
 .debug_abbrev  0x00001bf0      0x19e Dave/Generated/src/COLORLAMP01/COLORLAMP01.o
 .debug_abbrev  0x00001d8e       0xf7 Dave/Generated/src/COLORLAMP01/COLORLAMP01_Conf.o
 .debug_abbrev  0x00001e85      0x169 Dave/Generated/src/CLK002/CLK002.o
 .debug_abbrev  0x00001fee      0x158 Dave/Generated/src/CCU4GLOBAL/CCU4GLOBAL.o
 .debug_abbrev  0x00002146       0xb7 Dave/Generated/src/CCU4GLOBAL/CCU4GLOBAL_Conf.o
 .debug_abbrev  0x000021fd      0x211 Dave/Generated/src/BCCUGLOBAL/BCCUGLOBAL.o
 .debug_abbrev  0x0000240e       0xc8 Dave/Generated/src/BCCUGLOBAL/BCCUGLOBAL_Conf.o
 .debug_abbrev  0x000024d6      0x1c6 Dave/Generated/src/BCCUDIM01/BCCUDIM01.o
 .debug_abbrev  0x0000269c       0xdc Dave/Generated/src/BCCUDIM01/BCCUDIM01_Conf.o
 .debug_abbrev  0x00002778      0x2b6 Dave/Generated/src/BCCUCH01/BCCUCH01.o
 .debug_abbrev  0x00002a2e       0xfa Dave/Generated/src/BCCUCH01/BCCUCH01_Conf.o
 .debug_abbrev  0x00002b28       0xed Dave/Generated/src/ANACMPGLOB01/ANACMPGLOB01.o
 .debug_abbrev  0x00002c15       0xcf Dave/Generated/src/ANACMPGLOB01/ANACMPGLOB01_Conf.o
 .debug_abbrev  0x00002ce4      0x143 Dave/Generated/src/ANACMP01/ANACMP01.o
 .debug_abbrev  0x00002e27       0xcf Dave/Generated/src/ANACMP01/ANACMP01_Conf.o

.debug_line     0x00000000    0x1cd43
 *(.debug_line)
 .debug_line    0x00000000     0x129a Main.o
 .debug_line    0x0000129a     0x1431 i2c_comm.o
 .debug_line    0x000026cb      0x159 Startup/startup_XMC1200.o
 .debug_line    0x00002824      0x2fa Startup/system_XMC1200.o
 .debug_line    0x00002b1e     0x1667 Dave/Generated/src/PWMSP003/PWMSP003.o
 .debug_line    0x00004185     0x121b Dave/Generated/src/PWMSP003/PWMSP003_Conf.o
 .debug_line    0x000053a0      0x3c1 Dave/Generated/src/NVIC002/NVIC002.o
 .debug_line    0x00005761      0x37e Dave/Generated/src/NVIC002/NVIC002_Conf.o
 .debug_line    0x00005adf     0x120c Dave/Generated/src/IO004/IO004.o
 .debug_line    0x00006ceb     0x11ba Dave/Generated/src/IO004/IO004_Conf.o
 .debug_line    0x00007ea5      0x4c7 Dave/Generated/src/IO002/IO002.o
 .debug_line    0x0000836c      0x3d9 Dave/Generated/src/IO002/IO002_Conf.o
 .debug_line    0x00008745     0x1214 Dave/Generated/src/IO001/IO001.o
 .debug_line    0x00009959     0x11ba Dave/Generated/src/IO001/IO001_Conf.o
 .debug_line    0x0000ab13     0x1430 Dave/Generated/src/I2C003/I2C003.o
 .debug_line    0x0000bf43      0x3ea Dave/Generated/src/I2C003/I2C003_Conf.o
 .debug_line    0x0000c32d     0x1473 Dave/Generated/src/FLASH003/FLASH003.o
 .debug_line    0x0000d7a0     0x11c0 Dave/Generated/src/FLASH003/FLASH003_Conf.o
 .debug_line    0x0000e960      0x482 Dave/Generated/src/DMX512RD01/DMX512RD01.o
 .debug_line    0x0000ede2      0x39f Dave/Generated/src/DMX512RD01/DMX512RD01_Conf.o
 .debug_line    0x0000f181      0xf0e Dave/Generated/src/DAVESupport/DAVE3.o
 .debug_line    0x0001008f      0xf7f Dave/Generated/src/DAVESupport/MULTIPLEXER.o
 .debug_line    0x0001100e     0x125e Dave/Generated/src/COLORLAMP01/COLORLAMP01.o
 .debug_line    0x0001226c     0x11c6 Dave/Generated/src/COLORLAMP01/COLORLAMP01_Conf.o
 .debug_line    0x00013432     0x1220 Dave/Generated/src/CLK002/CLK002.o
 .debug_line    0x00014652     0x11c0 Dave/Generated/src/CCU4GLOBAL/CCU4GLOBAL.o
 .debug_line    0x00015812     0x119a Dave/Generated/src/CCU4GLOBAL/CCU4GLOBAL_Conf.o
 .debug_line    0x000169ac      0x4ce Dave/Generated/src/BCCUGLOBAL/BCCUGLOBAL.o
 .debug_line    0x00016e7a      0x393 Dave/Generated/src/BCCUGLOBAL/BCCUGLOBAL_Conf.o
 .debug_line    0x0001720d      0x559 Dave/Generated/src/BCCUDIM01/BCCUDIM01.o
 .debug_line    0x00017766      0x411 Dave/Generated/src/BCCUDIM01/BCCUDIM01_Conf.o
 .debug_line    0x00017b77      0x653 Dave/Generated/src/BCCUCH01/BCCUCH01.o
 .debug_line    0x000181ca      0x408 Dave/Generated/src/BCCUCH01/BCCUCH01_Conf.o
 .debug_line    0x000185d2     0x11d8 Dave/Generated/src/ANACMPGLOB01/ANACMPGLOB01.o
 .debug_line    0x000197aa     0x11c8 Dave/Generated/src/ANACMPGLOB01/ANACMPGLOB01_Conf.o
 .debug_line    0x0001a972     0x1211 Dave/Generated/src/ANACMP01/ANACMP01.o
 .debug_line    0x0001bb83     0x11c0 Dave/Generated/src/ANACMP01/ANACMP01_Conf.o

.debug_frame    0x00000000     0x1084
 *(.debug_frame)
 .debug_frame   0x00000000       0x54 Main.o
 .debug_frame   0x00000054       0x60 i2c_comm.o
 .debug_frame   0x000000b4       0x48 Startup/system_XMC1200.o
 .debug_frame   0x000000fc      0x2ec Dave/Generated/src/PWMSP003/PWMSP003.o
 .debug_frame   0x000003e8       0x3c Dave/Generated/src/NVIC002/NVIC002.o
 .debug_frame   0x00000424       0x58 Dave/Generated/src/IO004/IO004.o
 .debug_frame   0x0000047c       0xd4 Dave/Generated/src/IO002/IO002.o
 .debug_frame   0x00000550       0x4c Dave/Generated/src/IO001/IO001.o
 .debug_frame   0x0000059c      0x14c Dave/Generated/src/I2C003/I2C003.o
 .debug_frame   0x000006e8      0x180 Dave/Generated/src/FLASH003/FLASH003.o
 .debug_frame   0x00000868       0x5c Dave/Generated/src/DMX512RD01/DMX512RD01.o
 .debug_frame   0x000008c4       0x2c Dave/Generated/src/DAVESupport/DAVE3.o
 .debug_frame   0x000008f0       0x48 Dave/Generated/src/DAVESupport/MULTIPLEXER.o
 .debug_frame   0x00000938       0xd0 Dave/Generated/src/COLORLAMP01/COLORLAMP01.o
 .debug_frame   0x00000a08       0x40 Dave/Generated/src/CLK002/CLK002.o
 .debug_frame   0x00000a48       0x30 Dave/Generated/src/CCU4GLOBAL/CCU4GLOBAL.o
 .debug_frame   0x00000a78       0xfc Dave/Generated/src/BCCUGLOBAL/BCCUGLOBAL.o
 .debug_frame   0x00000b74      0x150 Dave/Generated/src/BCCUDIM01/BCCUDIM01.o
 .debug_frame   0x00000cc4      0x178 Dave/Generated/src/BCCUCH01/BCCUCH01.o
 .debug_frame   0x00000e3c       0x2c Dave/Generated/src/ANACMPGLOB01/ANACMPGLOB01.o
 .debug_frame   0x00000e68       0x58 Dave/Generated/src/ANACMP01/ANACMP01.o
 .debug_frame   0x00000ec0       0x20 c:/dave-3.1.10/arm-gcc/bin/../lib/gcc/arm-none-eabi/4.7.4/armv6-m\libgcc.a(_udivsi3.o)
 .debug_frame   0x00000ee0       0x28 c:/dave-3.1.10/arm-gcc/bin/../lib/gcc/arm-none-eabi/4.7.4/armv6-m\libgcc.a(_fixunssfsi.o)
 .debug_frame   0x00000f08       0x3c c:/dave-3.1.10/arm-gcc/bin/../lib/gcc/arm-none-eabi/4.7.4/armv6-m\libgcc.a(divsf3.o)
 .debug_frame   0x00000f44       0x2c c:/dave-3.1.10/arm-gcc/bin/../lib/gcc/arm-none-eabi/4.7.4/armv6-m\libgcc.a(eqsf2.o)
 .debug_frame   0x00000f70       0x30 c:/dave-3.1.10/arm-gcc/bin/../lib/gcc/arm-none-eabi/4.7.4/armv6-m\libgcc.a(gesf2.o)
 .debug_frame   0x00000fa0       0x30 c:/dave-3.1.10/arm-gcc/bin/../lib/gcc/arm-none-eabi/4.7.4/armv6-m\libgcc.a(lesf2.o)
 .debug_frame   0x00000fd0       0x3c c:/dave-3.1.10/arm-gcc/bin/../lib/gcc/arm-none-eabi/4.7.4/armv6-m\libgcc.a(mulsf3.o)
 .debug_frame   0x0000100c       0x30 c:/dave-3.1.10/arm-gcc/bin/../lib/gcc/arm-none-eabi/4.7.4/armv6-m\libgcc.a(subsf3.o)
 .debug_frame   0x0000103c       0x20 c:/dave-3.1.10/arm-gcc/bin/../lib/gcc/arm-none-eabi/4.7.4/armv6-m\libgcc.a(fixsfsi.o)
 .debug_frame   0x0000105c       0x28 c:/dave-3.1.10/arm-gcc/bin/../lib/gcc/arm-none-eabi/4.7.4/armv6-m\libgcc.a(floatunsisf.o)

.debug_str      0x00000000    0x34c5e
 *(.debug_str)
 .debug_str     0x00000000    0x31f64 Main.o
                              0x32199 (size before relaxing)
 .debug_str     0x00031f64      0x1d2 i2c_comm.o
                              0x322d2 (size before relaxing)
 .debug_str     0x00032136       0xba Startup/system_XMC1200.o
                              0x2e15d (size before relaxing)
 .debug_str     0x000321f0      0x747 Dave/Generated/src/PWMSP003/PWMSP003.o
                              0x3143a (size before relaxing)
 .debug_str     0x00032937       0x71 Dave/Generated/src/PWMSP003/PWMSP003_Conf.o
                              0x30d03 (size before relaxing)
 .debug_str     0x000329a8      0x2da Dave/Generated/src/NVIC002/NVIC002.o
                              0x2e713 (size before relaxing)
 .debug_str     0x00032c82       0x5d Dave/Generated/src/NVIC002/NVIC002_Conf.o
                              0x2e493 (size before relaxing)
 .debug_str     0x00032cdf      0x1a7 Dave/Generated/src/IO004/IO004.o
                              0x304c9 (size before relaxing)
 .debug_str     0x00032e86       0x29 Dave/Generated/src/IO004/IO004_Conf.o
                              0x30398 (size before relaxing)
 .debug_str     0x00032eaf      0x2b7 Dave/Generated/src/IO002/IO002.o
                              0x2ea3d (size before relaxing)
 .debug_str     0x00033166       0x8b Dave/Generated/src/IO002/IO002_Conf.o
                              0x2e8b4 (size before relaxing)
 .debug_str     0x000331f1      0x19b Dave/Generated/src/IO001/IO001.o
                              0x304cd (size before relaxing)
 .debug_str     0x0003338c       0x29 Dave/Generated/src/IO001/IO001_Conf.o
                              0x303d0 (size before relaxing)
 .debug_str     0x000333b5      0x3d5 Dave/Generated/src/I2C003/I2C003.o
                              0x30b0d (size before relaxing)
 .debug_str     0x0003378a       0x2b Dave/Generated/src/I2C003/I2C003_Conf.o
                              0x2ef67 (size before relaxing)
 .debug_str     0x000337b5      0x638 Dave/Generated/src/FLASH003/FLASH003.o
                              0x30a2b (size before relaxing)
 .debug_str     0x00033ded       0x2f Dave/Generated/src/FLASH003/FLASH003_Conf.o
                              0x304a2 (size before relaxing)
 .debug_str     0x00033e1c       0xd0 Dave/Generated/src/DMX512RD01/DMX512RD01.o
                              0x2ea4f (size before relaxing)
 .debug_str     0x00033eec       0x33 Dave/Generated/src/DMX512RD01/DMX512RD01_Conf.o
                              0x2eb1a (size before relaxing)
 .debug_str     0x00033f1f       0xc3 Dave/Generated/src/DAVESupport/DAVE3.o
                              0x303cf (size before relaxing)
 .debug_str     0x00033fe2       0x5d Dave/Generated/src/DAVESupport/MULTIPLEXER.o
                              0x30504 (size before relaxing)
 .debug_str     0x0003403f      0x116 Dave/Generated/src/COLORLAMP01/COLORLAMP01.o
                              0x30ec2 (size before relaxing)
 .debug_str     0x00034155       0x48 Dave/Generated/src/COLORLAMP01/COLORLAMP01_Conf.o
                              0x30ccb (size before relaxing)
 .debug_str     0x0003419d      0x13f Dave/Generated/src/CLK002/CLK002.o
                              0x304c4 (size before relaxing)
 .debug_str     0x000342dc       0x94 Dave/Generated/src/CCU4GLOBAL/CCU4GLOBAL.o
                              0x30467 (size before relaxing)
 .debug_str     0x00034370       0x46 Dave/Generated/src/CCU4GLOBAL/CCU4GLOBAL_Conf.o
                              0x30393 (size before relaxing)
 .debug_str     0x000343b6      0x284 Dave/Generated/src/BCCUGLOBAL/BCCUGLOBAL.o
                              0x2ea16 (size before relaxing)
 .debug_str     0x0003463a       0x33 Dave/Generated/src/BCCUGLOBAL/BCCUGLOBAL_Conf.o
                              0x2e699 (size before relaxing)
 .debug_str     0x0003466d      0x120 Dave/Generated/src/BCCUDIM01/BCCUDIM01.o
                              0x2e776 (size before relaxing)
 .debug_str     0x0003478d       0x31 Dave/Generated/src/BCCUDIM01/BCCUDIM01_Conf.o
                              0x2e5f5 (size before relaxing)
 .debug_str     0x000347be      0x1b1 Dave/Generated/src/BCCUCH01/BCCUCH01.o
                              0x2eddb (size before relaxing)
 .debug_str     0x0003496f       0x2f Dave/Generated/src/BCCUCH01/BCCUCH01_Conf.o
                              0x2e95a (size before relaxing)
 .debug_str     0x0003499e       0xf0 Dave/Generated/src/ANACMPGLOB01/ANACMPGLOB01.o
                              0x303ce (size before relaxing)
 .debug_str     0x00034a8e       0x37 Dave/Generated/src/ANACMPGLOB01/ANACMPGLOB01_Conf.o
                              0x303c9 (size before relaxing)
 .debug_str     0x00034ac5      0x16a Dave/Generated/src/ANACMP01/ANACMP01.o
                              0x30486 (size before relaxing)
 .debug_str     0x00034c2f       0x2f Dave/Generated/src/ANACMP01/ANACMP01_Conf.o
                              0x30433 (size before relaxing)

.debug_loc      0x00000000     0x4938
 *(.debug_loc)
 .debug_loc     0x00000000       0x40 Main.o
 .debug_loc     0x00000040      0x1b5 i2c_comm.o
 .debug_loc     0x000001f5       0x86 Startup/system_XMC1200.o
 .debug_loc     0x0000027b     0x1817 Dave/Generated/src/PWMSP003/PWMSP003.o
 .debug_loc     0x00001a92       0xfd Dave/Generated/src/NVIC002/NVIC002.o
 .debug_loc     0x00001b8f      0x376 Dave/Generated/src/IO004/IO004.o
 .debug_loc     0x00001f05      0x578 Dave/Generated/src/IO002/IO002.o
 .debug_loc     0x0000247d      0x18d Dave/Generated/src/IO001/IO001.o
 .debug_loc     0x0000260a      0x94d Dave/Generated/src/I2C003/I2C003.o
 .debug_loc     0x00002f57      0xa20 Dave/Generated/src/FLASH003/FLASH003.o
 .debug_loc     0x00003977       0xb4 Dave/Generated/src/DMX512RD01/DMX512RD01.o
 .debug_loc     0x00003a2b       0x20 Dave/Generated/src/DAVESupport/DAVE3.o
 .debug_loc     0x00003a4b       0x2c Dave/Generated/src/DAVESupport/MULTIPLEXER.o
 .debug_loc     0x00003a77      0x2a4 Dave/Generated/src/COLORLAMP01/COLORLAMP01.o
 .debug_loc     0x00003d1b      0x173 Dave/Generated/src/CLK002/CLK002.o
 .debug_loc     0x00003e8e       0x53 Dave/Generated/src/CCU4GLOBAL/CCU4GLOBAL.o
 .debug_loc     0x00003ee1      0x1cc Dave/Generated/src/BCCUGLOBAL/BCCUGLOBAL.o
 .debug_loc     0x000040ad      0x2f7 Dave/Generated/src/BCCUDIM01/BCCUDIM01.o
 .debug_loc     0x000043a4      0x49b Dave/Generated/src/BCCUCH01/BCCUCH01.o
 .debug_loc     0x0000483f       0x20 Dave/Generated/src/ANACMPGLOB01/ANACMPGLOB01.o
 .debug_loc     0x0000485f       0xd9 Dave/Generated/src/ANACMP01/ANACMP01.o

.debug_macinfo
 *(.debug_macinfo)

.debug_ranges   0x00000000      0x658
 *(.debug_ranges)
 .debug_ranges  0x00000000       0x18 Main.o
 .debug_ranges  0x00000018       0x18 i2c_comm.o
 .debug_ranges  0x00000030       0x38 Startup/startup_XMC1200.o
 .debug_ranges  0x00000068       0x18 Startup/system_XMC1200.o
 .debug_ranges  0x00000080       0xf8 Dave/Generated/src/PWMSP003/PWMSP003.o
 .debug_ranges  0x00000178       0x10 Dave/Generated/src/NVIC002/NVIC002.o
 .debug_ranges  0x00000188       0x20 Dave/Generated/src/IO004/IO004.o
 .debug_ranges  0x000001a8       0x78 Dave/Generated/src/IO002/IO002.o
 .debug_ranges  0x00000220       0x20 Dave/Generated/src/IO001/IO001.o
 .debug_ranges  0x00000240       0x68 Dave/Generated/src/I2C003/I2C003.o
 .debug_ranges  0x000002a8       0x60 Dave/Generated/src/FLASH003/FLASH003.o
 .debug_ranges  0x00000308       0x20 Dave/Generated/src/DMX512RD01/DMX512RD01.o
 .debug_ranges  0x00000328       0x10 Dave/Generated/src/DAVESupport/DAVE3.o
 .debug_ranges  0x00000338       0x18 Dave/Generated/src/DAVESupport/MULTIPLEXER.o
 .debug_ranges  0x00000350       0x40 Dave/Generated/src/COLORLAMP01/COLORLAMP01.o
 .debug_ranges  0x00000390       0x78 Dave/Generated/src/CLK002/CLK002.o
 .debug_ranges  0x00000408       0x28 Dave/Generated/src/CCU4GLOBAL/CCU4GLOBAL.o
 .debug_ranges  0x00000430       0xb8 Dave/Generated/src/BCCUGLOBAL/BCCUGLOBAL.o
 .debug_ranges  0x000004e8       0x88 Dave/Generated/src/BCCUDIM01/BCCUDIM01.o
 .debug_ranges  0x00000570       0xb8 Dave/Generated/src/BCCUCH01/BCCUCH01.o
 .debug_ranges  0x00000628       0x10 Dave/Generated/src/ANACMPGLOB01/ANACMPGLOB01.o
 .debug_ranges  0x00000638       0x20 Dave/Generated/src/ANACMP01/ANACMP01.o

.debug_weaknames
 *(.debug_weaknames)

.debug_funcnames
 *(.debug_funcnames)

.debug_typenames
 *(.debug_typenames)

.debug_varnames
 *(.debug_varnames)

.build_attributes
                0x00000000      0x909
 *(.ARM.attributes)
 .ARM.attributes
                0x00000000       0x31 Main.o
 .ARM.attributes
                0x00000031       0x31 i2c_comm.o
 .ARM.attributes
                0x00000062       0x21 Startup/startup_XMC1200.o
 .ARM.attributes
                0x00000083       0x31 Startup/system_XMC1200.o
 .ARM.attributes
                0x000000b4       0x31 Dave/Generated/src/PWMSP003/PWMSP003.o
 .ARM.attributes
                0x000000e5       0x31 Dave/Generated/src/PWMSP003/PWMSP003_Conf.o
 .ARM.attributes
                0x00000116       0x31 Dave/Generated/src/NVIC002/NVIC002.o
 .ARM.attributes
                0x00000147       0x31 Dave/Generated/src/NVIC002/NVIC002_Conf.o
 .ARM.attributes
                0x00000178       0x31 Dave/Generated/src/IO004/IO004.o
 .ARM.attributes
                0x000001a9       0x31 Dave/Generated/src/IO004/IO004_Conf.o
 .ARM.attributes
                0x000001da       0x31 Dave/Generated/src/IO002/IO002.o
 .ARM.attributes
                0x0000020b       0x31 Dave/Generated/src/IO002/IO002_Conf.o
 .ARM.attributes
                0x0000023c       0x31 Dave/Generated/src/IO001/IO001.o
 .ARM.attributes
                0x0000026d       0x31 Dave/Generated/src/IO001/IO001_Conf.o
 .ARM.attributes
                0x0000029e       0x31 Dave/Generated/src/I2C003/I2C003.o
 .ARM.attributes
                0x000002cf       0x31 Dave/Generated/src/I2C003/I2C003_Conf.o
 .ARM.attributes
                0x00000300       0x31 Dave/Generated/src/FLASH003/FLASH003.o
 .ARM.attributes
                0x00000331       0x31 Dave/Generated/src/FLASH003/FLASH003_Conf.o
 .ARM.attributes
                0x00000362       0x31 Dave/Generated/src/DMX512RD01/DMX512RD01.o
 .ARM.attributes
                0x00000393       0x31 Dave/Generated/src/DMX512RD01/DMX512RD01_Conf.o
 .ARM.attributes
                0x000003c4       0x31 Dave/Generated/src/DAVESupport/DAVE3.o
 .ARM.attributes
                0x000003f5       0x31 Dave/Generated/src/DAVESupport/MULTIPLEXER.o
 .ARM.attributes
                0x00000426       0x31 Dave/Generated/src/COLORLAMP01/COLORLAMP01.o
 .ARM.attributes
                0x00000457       0x31 Dave/Generated/src/COLORLAMP01/COLORLAMP01_Conf.o
 .ARM.attributes
                0x00000488       0x31 Dave/Generated/src/CLK002/CLK002.o
 .ARM.attributes
                0x000004b9       0x31 Dave/Generated/src/CCU4GLOBAL/CCU4GLOBAL.o
 .ARM.attributes
                0x000004ea       0x31 Dave/Generated/src/CCU4GLOBAL/CCU4GLOBAL_Conf.o
 .ARM.attributes
                0x0000051b       0x31 Dave/Generated/src/BCCUGLOBAL/BCCUGLOBAL.o
 .ARM.attributes
                0x0000054c       0x31 Dave/Generated/src/BCCUGLOBAL/BCCUGLOBAL_Conf.o
 .ARM.attributes
                0x0000057d       0x31 Dave/Generated/src/BCCUDIM01/BCCUDIM01.o
 .ARM.attributes
                0x000005ae       0x31 Dave/Generated/src/BCCUDIM01/BCCUDIM01_Conf.o
 .ARM.attributes
                0x000005df       0x31 Dave/Generated/src/BCCUCH01/BCCUCH01.o
 .ARM.attributes
                0x00000610       0x31 Dave/Generated/src/BCCUCH01/BCCUCH01_Conf.o
 .ARM.attributes
                0x00000641       0x31 Dave/Generated/src/ANACMPGLOB01/ANACMPGLOB01.o
 .ARM.attributes
                0x00000672       0x31 Dave/Generated/src/ANACMPGLOB01/ANACMPGLOB01_Conf.o
 .ARM.attributes
                0x000006a3       0x31 Dave/Generated/src/ANACMP01/ANACMP01.o
 .ARM.attributes
                0x000006d4       0x31 Dave/Generated/src/ANACMP01/ANACMP01_Conf.o
 .ARM.attributes
                0x00000705       0x1e c:/dave-3.1.10/arm-gcc/bin/../lib/gcc/arm-none-eabi/4.7.4/armv6-m\libgcc.a(_udivsi3.o)
 .ARM.attributes
                0x00000723       0x1e c:/dave-3.1.10/arm-gcc/bin/../lib/gcc/arm-none-eabi/4.7.4/armv6-m\libgcc.a(_dvmd_tls.o)
 .ARM.attributes
                0x00000741       0x1e c:/dave-3.1.10/arm-gcc/bin/../lib/gcc/arm-none-eabi/4.7.4/armv6-m\libgcc.a(_arm_cmpsf2.o)
 .ARM.attributes
                0x0000075f       0x2c c:/dave-3.1.10/arm-gcc/bin/../lib/gcc/arm-none-eabi/4.7.4/armv6-m\libgcc.a(_fixunssfsi.o)
 .ARM.attributes
                0x0000078b       0x2c c:/dave-3.1.10/arm-gcc/bin/../lib/gcc/arm-none-eabi/4.7.4/armv6-m\libgcc.a(divsf3.o)
 .ARM.attributes
                0x000007b7       0x2c c:/dave-3.1.10/arm-gcc/bin/../lib/gcc/arm-none-eabi/4.7.4/armv6-m\libgcc.a(eqsf2.o)
 .ARM.attributes
                0x000007e3       0x2c c:/dave-3.1.10/arm-gcc/bin/../lib/gcc/arm-none-eabi/4.7.4/armv6-m\libgcc.a(gesf2.o)
 .ARM.attributes
                0x0000080f       0x2c c:/dave-3.1.10/arm-gcc/bin/../lib/gcc/arm-none-eabi/4.7.4/armv6-m\libgcc.a(lesf2.o)
 .ARM.attributes
                0x0000083b       0x2c c:/dave-3.1.10/arm-gcc/bin/../lib/gcc/arm-none-eabi/4.7.4/armv6-m\libgcc.a(mulsf3.o)
 .ARM.attributes
                0x00000867       0x2c c:/dave-3.1.10/arm-gcc/bin/../lib/gcc/arm-none-eabi/4.7.4/armv6-m\libgcc.a(subsf3.o)
 .ARM.attributes
                0x00000893       0x2c c:/dave-3.1.10/arm-gcc/bin/../lib/gcc/arm-none-eabi/4.7.4/armv6-m\libgcc.a(fixsfsi.o)
 .ARM.attributes
                0x000008bf       0x2c c:/dave-3.1.10/arm-gcc/bin/../lib/gcc/arm-none-eabi/4.7.4/armv6-m\libgcc.a(floatunsisf.o)
 .ARM.attributes
                0x000008eb       0x1e c:/dave-3.1.10/arm-gcc/bin/../lib/gcc/arm-none-eabi/4.7.4/armv6-m\libgcc.a(_clzsi2.o)
OUTPUT(RGB_LED_Shield_XMC1200_tmp_flash.elf elf32-littlearm)

.debug_macro    0x00000000     0xd38c
 .debug_macro   0x00000000      0x3ec Main.o
 .debug_macro   0x000003ec      0x7f6 Main.o
 .debug_macro   0x00000be2       0x22 Main.o
 .debug_macro   0x00000c04       0x3a Main.o
 .debug_macro   0x00000c3e       0x3a Main.o
 .debug_macro   0x00000c78       0x10 Main.o
 .debug_macro   0x00000c88       0x2e Main.o
 .debug_macro   0x00000cb6       0xa3 Main.o
 .debug_macro   0x00000d59      0x20e Main.o
 .debug_macro   0x00000f67       0x1f Main.o
 .debug_macro   0x00000f86      0x242 Main.o
 .debug_macro   0x000011c8       0x36 Main.o
 .debug_macro   0x000011fe     0x704f Main.o
 .debug_macro   0x0000824d      0x16c Main.o
 .debug_macro   0x000083b9       0x22 Main.o
 .debug_macro   0x000083db      0x311 Main.o
 .debug_macro   0x000086ec      0x130 Main.o
 .debug_macro   0x0000881c       0x10 Main.o
 .debug_macro   0x0000882c       0x10 Main.o
 .debug_macro   0x0000883c       0x10 Main.o
 .debug_macro   0x0000884c       0x10 Main.o
 .debug_macro   0x0000885c       0x3a Main.o
 .debug_macro   0x00008896       0x10 Main.o
 .debug_macro   0x000088a6       0x18 Main.o
 .debug_macro   0x000088be       0x28 Main.o
 .debug_macro   0x000088e6       0x82 Main.o
 .debug_macro   0x00008968       0x2d Main.o
 .debug_macro   0x00008995       0xb4 Main.o
 .debug_macro   0x00008a49       0x1c Main.o
 .debug_macro   0x00008a65       0x3a Main.o
 .debug_macro   0x00008a9f       0x22 Main.o
 .debug_macro   0x00008ac1      0x3e8 i2c_comm.o
 .debug_macro   0x00008ea9       0xb7 Startup/system_XMC1200.o
 .debug_macro   0x00008f60      0x2ca Dave/Generated/src/PWMSP003/PWMSP003.o
 .debug_macro   0x0000922a      0x2ca Dave/Generated/src/PWMSP003/PWMSP003_Conf.o
 .debug_macro   0x000094f4       0xce Dave/Generated/src/NVIC002/NVIC002.o
 .debug_macro   0x000095c2       0xce Dave/Generated/src/NVIC002/NVIC002_Conf.o
 .debug_macro   0x00009690      0x2be Dave/Generated/src/IO004/IO004.o
 .debug_macro   0x0000994e      0x2be Dave/Generated/src/IO004/IO004_Conf.o
 .debug_macro   0x00009c0c       0xe6 Dave/Generated/src/IO002/IO002.o
 .debug_macro   0x00009cf2       0xe6 Dave/Generated/src/IO002/IO002_Conf.o
 .debug_macro   0x00009dd8      0x2be Dave/Generated/src/IO001/IO001.o
 .debug_macro   0x0000a096      0x2be Dave/Generated/src/IO001/IO001_Conf.o
 .debug_macro   0x0000a354      0x35c Dave/Generated/src/I2C003/I2C003.o
 .debug_macro   0x0000a6b0       0xae Dave/Generated/src/I2C003/I2C003.o
 .debug_macro   0x0000a75e       0xfb Dave/Generated/src/I2C003/I2C003_Conf.o
 .debug_macro   0x0000a859      0x310 Dave/Generated/src/FLASH003/FLASH003.o
 .debug_macro   0x0000ab69      0x2be Dave/Generated/src/FLASH003/FLASH003_Conf.o
 .debug_macro   0x0000ae27       0xec Dave/Generated/src/DMX512RD01/DMX512RD01.o
 .debug_macro   0x0000af13       0xd7 Dave/Generated/src/DMX512RD01/DMX512RD01_Conf.o
 .debug_macro   0x0000afea      0x2be Dave/Generated/src/DAVESupport/DAVE3.o
 .debug_macro   0x0000b2a8      0x2be Dave/Generated/src/DAVESupport/MULTIPLEXER.o
 .debug_macro   0x0000b566      0x2be Dave/Generated/src/COLORLAMP01/COLORLAMP01.o
 .debug_macro   0x0000b824      0x2be Dave/Generated/src/COLORLAMP01/COLORLAMP01_Conf.o
 .debug_macro   0x0000bae2      0x2dc Dave/Generated/src/CLK002/CLK002.o
 .debug_macro   0x0000bdbe      0x2c2 Dave/Generated/src/CCU4GLOBAL/CCU4GLOBAL.o
 .debug_macro   0x0000c080      0x2c2 Dave/Generated/src/CCU4GLOBAL/CCU4GLOBAL_Conf.o
 .debug_macro   0x0000c342       0xcf Dave/Generated/src/BCCUGLOBAL/BCCUGLOBAL.o
 .debug_macro   0x0000c411       0xcf Dave/Generated/src/BCCUGLOBAL/BCCUGLOBAL_Conf.o
 .debug_macro   0x0000c4e0       0xed Dave/Generated/src/BCCUDIM01/BCCUDIM01.o
 .debug_macro   0x0000c5cd       0xed Dave/Generated/src/BCCUDIM01/BCCUDIM01_Conf.o
 .debug_macro   0x0000c6ba       0xed Dave/Generated/src/BCCUCH01/BCCUCH01.o
 .debug_macro   0x0000c7a7       0xed Dave/Generated/src/BCCUCH01/BCCUCH01_Conf.o
 .debug_macro   0x0000c894      0x2be Dave/Generated/src/ANACMPGLOB01/ANACMPGLOB01.o
 .debug_macro   0x0000cb52      0x2be Dave/Generated/src/ANACMPGLOB01/ANACMPGLOB01_Conf.o
 .debug_macro   0x0000ce10      0x2be Dave/Generated/src/ANACMP01/ANACMP01.o
 .debug_macro   0x0000d0ce      0x2be Dave/Generated/src/ANACMP01/ANACMP01_Conf.o
